#-----------------------------------------------------------
# Vivado v2018.2 (64-bit)
# SW Build 2258646 on Thu Jun 14 20:03:12 MDT 2018
# IP Build 2256618 on Thu Jun 14 22:10:49 MDT 2018
# Start of session at: Tue Oct  6 11:53:35 2026
# Process ID: 6016
# Current directory: C:/Users/kirst/Documents/HWSF/Casio/zynq_interrupts
# Command line: vivado.exe -gui_launcher_event rodinguilauncherevent11560 C:\Users\kirst\Documents\HWSF\Casio\zynq_interrupts\zynq_interrupts.xpr
# Log file: C:/Users/kirst/Documents/HWSF/Casio/zynq_interrupts/vivado.log
# Journal file: C:/Users/kirst/Documents/HWSF/Casio/zynq_interrupts\vivado.jou
#-----------------------------------------------------------
start_gui
open_project C:/Users/kirst/Documents/HWSF/Casio/zynq_interrupts/zynq_interrupts.xpr
Scanning sources...
Finished scanning sources
INFO: [IP_Flow 19-234] Refreshing IP repositories
INFO: [IP_Flow 19-1704] No user IP repositories specified
INFO: [IP_Flow 19-2313] Loaded Vivado IP repository 'C:/Xilinx/Vivado/2018.2/data/ip'.
open_project: Time (s): cpu = 00:00:17 ; elapsed = 00:00:10 . Memory (MB): peak = 873.531 ; gain = 135.051
update_compile_order -fileset sources_1
archive_project C:/Users/kirst/Documents/HWSF/Casio/zynq_interrupts.xpr.zip -temp_dir C:/Users/kirst/Documents/HWSF/Casio/zynq_interrupts/.Xil/Vivado-6016-DESKTOP-CHLGG4D -force -exclude_run_results -include_local_ip_cache
INFO: [Coretcl 2-137] starting archive...
INFO: [Coretcl 2-1499] Saving project copy to temporary location 'C:/Users/kirst/Documents/HWSF/Casio/zynq_interrupts/.Xil/Vivado-6016-DESKTOP-CHLGG4D' for archiving project
Scanning sources...
Finished scanning sources
INFO: [IP_Flow 19-234] Refreshing IP repositories
INFO: [IP_Flow 19-1704] No user IP repositories specified
INFO: [IP_Flow 19-2313] Loaded Vivado IP repository 'C:/Xilinx/Vivado/2018.2/data/ip'.
INFO: [Coretcl 2-1211] Creating project copy for archival...
INFO: [ProjectBase 1-495] The host OS only allows 260 characters in a normal path. The project is stored in a path with more than 80 characters. If you experience any problem with archiving the project, please consider setting environment variable $TEMP to a shorter path.
Current project path is 'C:/Users/kirst/Documents/HWSF/Casio/zynq_interrupts/.Xil/Vivado-6016-DESKTOP-CHLGG4D/PrjAr/_X_'.
CRITICAL WARNING: [IP_Flow 19-4299] Failed to copy 'c:/Users/kirst/Documents/HWSF/Casio/zynq_interrupts/zynq_interrupts.srcs/sources_1/bd/Zynq_interrupt_system/ip/Zynq_interrupt_system_processing_system7_0_0/Zynq_interrupt_system_processing_system7_0_0_sim_netlist.vhdl' to 'c:/Users/kirst/Documents/HWSF/Casio/zynq_interrupts/.Xil/Vivado-6016-DESKTOP-CHLGG4D/PrjAr/_X_/zynq_interrupts.srcs/sources_1/bd/Zynq_interrupt_system/ip/Zynq_interrupt_system_processing_system7_0_0/Zynq_interrupt_system_processing_system7_0_0_sim_netlist.vhdl'
ERROR: [Common 17-680] Path length exceeds 260-Byte maximum allowed by Windows: c:/Users/kirst/Documents/HWSF/Casio/zynq_interrupts/.Xil/Vivado-6016-DESKTOP-CHLGG4D/PrjAr/_X_/zynq_interrupts.srcs/sources_1/bd/Zynq_interrupt_system/ip/Zynq_interrupt_system_processing_system7_0_0/hdl/verilog/Zynq_interrupt_system_processing_system7_0_0.hwdef
Please consider using the OS subst command to shorten the path length by mapping part of the path to a virtual drive letter. See Answer Record AR52787 for more information.
Resolution: In Windows 7 or later, the mklink command can also be used to create a symbolic link and shorten the path.
ERROR: [Coretcl 2-229] (archive_project): Project save_as failed due to the previous error(s).
archive_project C:/Users/kirst/Documents/HWSF/Casio/zynq_interrupts.xpr.zip -temp_dir C:/Users/kirst/Documents/HWSF/Casio/zynq_interrupts/.Xil/Vivado-6016-DESKTOP-CHLGG4D -force -exclude_run_results -include_local_ip_cache -include_config_settings
INFO: [Coretcl 2-137] starting archive...
INFO: [Coretcl 2-1499] Saving project copy to temporary location 'C:/Users/kirst/Documents/HWSF/Casio/zynq_interrupts/.Xil/Vivado-6016-DESKTOP-CHLGG4D' for archiving project
Scanning sources...
Finished scanning sources
INFO: [IP_Flow 19-234] Refreshing IP repositories
INFO: [IP_Flow 19-1704] No user IP repositories specified
INFO: [IP_Flow 19-2313] Loaded Vivado IP repository 'C:/Xilinx/Vivado/2018.2/data/ip'.
INFO: [Coretcl 2-1211] Creating project copy for archival...
INFO: [ProjectBase 1-495] The host OS only allows 260 characters in a normal path. The project is stored in a path with more than 80 characters. If you experience any problem with archiving the project, please consider setting environment variable $TEMP to a shorter path.
Current project path is 'C:/Users/kirst/Documents/HWSF/Casio/zynq_interrupts/.Xil/Vivado-6016-DESKTOP-CHLGG4D/PrjAr/_X_'.
CRITICAL WARNING: [IP_Flow 19-4299] Failed to copy 'c:/Users/kirst/Documents/HWSF/Casio/zynq_interrupts/zynq_interrupts.srcs/sources_1/bd/Zynq_interrupt_system/ip/Zynq_interrupt_system_processing_system7_0_0/Zynq_interrupt_system_processing_system7_0_0_sim_netlist.vhdl' to 'c:/Users/kirst/Documents/HWSF/Casio/zynq_interrupts/.Xil/Vivado-6016-DESKTOP-CHLGG4D/PrjAr/_X_/zynq_interrupts.srcs/sources_1/bd/Zynq_interrupt_system/ip/Zynq_interrupt_system_processing_system7_0_0/Zynq_interrupt_system_processing_system7_0_0_sim_netlist.vhdl'
ERROR: [Common 17-680] Path length exceeds 260-Byte maximum allowed by Windows: c:/Users/kirst/Documents/HWSF/Casio/zynq_interrupts/.Xil/Vivado-6016-DESKTOP-CHLGG4D/PrjAr/_X_/zynq_interrupts.srcs/sources_1/bd/Zynq_interrupt_system/ip/Zynq_interrupt_system_processing_system7_0_0/hdl/verilog/Zynq_interrupt_system_processing_system7_0_0.hwdef
Please consider using the OS subst command to shorten the path length by mapping part of the path to a virtual drive letter. See Answer Record AR52787 for more information.
Resolution: In Windows 7 or later, the mklink command can also be used to create a symbolic link and shorten the path.
ERROR: [Coretcl 2-229] (archive_project): Project save_as failed due to the previous error(s).
archive_project C:/Users/kirst/Documents/HWSF/Casio/zynq_interrupts.xpr.zip -temp_dir C:/Users/kirst/Documents/HWSF -force -exclude_run_results -include_local_ip_cache -include_config_settings
INFO: [Coretcl 2-137] starting archive...
INFO: [Coretcl 2-1499] Saving project copy to temporary location 'C:/Users/kirst/Documents/HWSF' for archiving project
Scanning sources...
Finished scanning sources
INFO: [IP_Flow 19-234] Refreshing IP repositories
INFO: [IP_Flow 19-1704] No user IP repositories specified
INFO: [IP_Flow 19-2313] Loaded Vivado IP repository 'C:/Xilinx/Vivado/2018.2/data/ip'.
INFO: [Common 17-41] Interrupt caught. Command should exit soon.
INFO: [Common 17-344] 'archive_project' was cancelled
archive_project C:/Users/kirst/Documents/HWSF/Casio/zynq_interrupts.xpr.zip -temp_dir C:/Users/kirst/Documents/HWSF/Casio -force -exclude_run_results -include_local_ip_cache -include_config_settings
INFO: [Coretcl 2-137] starting archive...
INFO: [Coretcl 2-1499] Saving project copy to temporary location 'C:/Users/kirst/Documents/HWSF/Casio' for archiving project
Scanning sources...
Finished scanning sources
INFO: [IP_Flow 19-234] Refreshing IP repositories
INFO: [IP_Flow 19-1704] No user IP repositories specified
INFO: [IP_Flow 19-2313] Loaded Vivado IP repository 'C:/Xilinx/Vivado/2018.2/data/ip'.
INFO: [Coretcl 2-1211] Creating project copy for archival...
INFO: [Coretcl 2-135] resetting runs for excluding generated files from archive...
WARNING: [Coretcl 2-105] Run 'synth_1' is currently active
INFO: [Coretcl 2-133] re-setting run 'synth_1'...
WARNING: [Coretcl 2-105] Run 'Zynq_interrupt_system_rst_ps7_0_100M_0_synth_1' is currently active
INFO: [Coretcl 2-133] re-setting run 'Zynq_interrupt_system_rst_ps7_0_100M_0_synth_1'...
WARNING: [Coretcl 2-105] Run 'Zynq_interrupt_system_xbar_0_synth_1' is currently active
INFO: [Coretcl 2-133] re-setting run 'Zynq_interrupt_system_xbar_0_synth_1'...
WARNING: [Coretcl 2-105] Run 'Zynq_interrupt_system_axi_timer_0_0_synth_1' is currently active
INFO: [Coretcl 2-133] re-setting run 'Zynq_interrupt_system_axi_timer_0_0_synth_1'...
WARNING: [Coretcl 2-105] Run 'Zynq_interrupt_system_axi_gpio_2_0_synth_1' is currently active
INFO: [Coretcl 2-133] re-setting run 'Zynq_interrupt_system_axi_gpio_2_0_synth_1'...
WARNING: [Coretcl 2-105] Run 'Zynq_interrupt_system_axi_gpio_1_0_synth_1' is currently active
INFO: [Coretcl 2-133] re-setting run 'Zynq_interrupt_system_axi_gpio_1_0_synth_1'...
WARNING: [Coretcl 2-105] Run 'Zynq_interrupt_system_axi_gpio_0_0_synth_1' is currently active
INFO: [Coretcl 2-133] re-setting run 'Zynq_interrupt_system_axi_gpio_0_0_synth_1'...
INFO: [Coretcl 2-133] re-setting run 'impl_1'...
INFO: [Coretcl 2-133] re-setting run 'Zynq_interrupt_system_rst_ps7_0_100M_0_impl_1'...
INFO: [Coretcl 2-133] re-setting run 'Zynq_interrupt_system_xbar_0_impl_1'...
INFO: [Coretcl 2-133] re-setting run 'Zynq_interrupt_system_axi_timer_0_0_impl_1'...
INFO: [Coretcl 2-133] re-setting run 'Zynq_interrupt_system_axi_gpio_2_0_impl_1'...
INFO: [Coretcl 2-133] re-setting run 'Zynq_interrupt_system_axi_gpio_1_0_impl_1'...
INFO: [Coretcl 2-133] re-setting run 'Zynq_interrupt_system_axi_gpio_0_0_impl_1'...
INFO: [Coretcl 2-1212] Importing remotely added design sources and verilog include files (if any)...
INFO: [filemgmt 20-334] All file(s) are already imported in fileset: 'Zynq_interrupt_system_axi_gpio_0_0'
INFO: [filemgmt 20-348] Importing the appropriate files for fileset: 'Zynq_interrupt_system_axi_gpio_0_0'
INFO: [filemgmt 20-334] All file(s) are already imported in fileset: 'Zynq_interrupt_system_axi_gpio_1_0'
INFO: [filemgmt 20-348] Importing the appropriate files for fileset: 'Zynq_interrupt_system_axi_gpio_1_0'
INFO: [filemgmt 20-334] All file(s) are already imported in fileset: 'Zynq_interrupt_system_axi_gpio_2_0'
INFO: [filemgmt 20-348] Importing the appropriate files for fileset: 'Zynq_interrupt_system_axi_gpio_2_0'
INFO: [filemgmt 20-334] All file(s) are already imported in fileset: 'Zynq_interrupt_system_axi_timer_0_0'
INFO: [filemgmt 20-348] Importing the appropriate files for fileset: 'Zynq_interrupt_system_axi_timer_0_0'
INFO: [filemgmt 20-334] All file(s) are already imported in fileset: 'Zynq_interrupt_system_rst_ps7_0_100M_0'
INFO: [filemgmt 20-348] Importing the appropriate files for fileset: 'Zynq_interrupt_system_rst_ps7_0_100M_0'
INFO: [filemgmt 20-334] All file(s) are already imported in fileset: 'Zynq_interrupt_system_xbar_0'
INFO: [filemgmt 20-348] Importing the appropriate files for fileset: 'Zynq_interrupt_system_xbar_0'
INFO: [filemgmt 20-334] All file(s) are already imported in fileset: 'sources_1'
INFO: [filemgmt 20-348] Importing the appropriate files for fileset: 'sources_1'
