22:09:14 **** Auto Build of configuration Debug for project casio_projekt ****
make pre-build main-build 
a9-linaro-pre-build-step
' '
'Building file: ../src/Casio_main.c'
'Invoking: ARM v7 gcc compiler'
arm-none-eabi-gcc -Wall -O0 -g3 -c -fmessage-length=0 -MT"src/Casio_main.o" -mcpu=cortex-a9 -mfpu=vfpv3 -mfloat-abi=hard -I../../casio_projekt_bsp/ps7_cortexa9_0/include -MMD -MP -MF"src/Casio_main.d" -MT"src/Casio_main.o" -o "src/Casio_main.o" "../src/Casio_main.c"
In file included from ../src/Casio_main.c:18:0:
../../casio_projekt_bsp/ps7_cortexa9_0/include/xtime_l.h:89:9: note: #pragma message: For the sleep routines, Global timer is being used
 #pragma message ("For the sleep routines, Global timer is being used")
         ^~~~~~~
'Finished building: ../src/Casio_main.c'
' '
'Building target: casio_projekt.elf'
'Invoking: ARM v7 gcc linker'
arm-none-eabi-gcc -mcpu=cortex-a9 -mfpu=vfpv3 -mfloat-abi=hard -Wl,-build-id=none -specs=Xilinx.spec -Wl,-T -Wl,../src/lscript.ld -L../../casio_projekt_bsp/ps7_cortexa9_0/lib -o "casio_projekt.elf"  ./src/Casio_main.o ./src/alarm.o ./src/clock.o ./src/platform.o ./src/setting.o ./src/stopwatch.o   -Wl,--start-group,-lxil,-lgcc,-lc,--end-group
'Finished building target: casio_projekt.elf'
' '
'Invoking: ARM v7 Print Size'
arm-none-eabi-size casio_projekt.elf  |tee "casio_projekt.elf.size"
   text	   data	    bss	    dec	    hex	filename
  33192	   2808	  22712	  58712	   e558	casio_projekt.elf
'Finished building: casio_projekt.elf.size'
' '

22:09:15 Build Finished (took 1s.20ms)

