
*** Running vivado
    with args -log Zynq_interrupt_system_wrapper.vdi -applog -m64 -product Vivado -messageDb vivado.pb -mode batch -source Zynq_interrupt_system_wrapper.tcl -notrace


****** Vivado v2018.2 (64-bit)
  **** SW Build 2258646 on Thu Jun 14 20:03:12 MDT 2018
  **** IP Build 2256618 on Thu Jun 14 22:10:49 MDT 2018
    ** Copyright 1986-2018 Xilinx, Inc. All Rights Reserved.

source Zynq_interrupt_system_wrapper.tcl -notrace
INFO: [IP_Flow 19-234] Refreshing IP repositories
INFO: [IP_Flow 19-1704] No user IP repositories specified
INFO: [IP_Flow 19-2313] Loaded Vivado IP repository 'C:/Xilinx/Vivado/2018.2/data/ip'.
Command: link_design -top Zynq_interrupt_system_wrapper -part xc7z010clg400-1
Design is defaulting to srcset: sources_1
Design is defaulting to constrset: constrs_1
INFO: [Project 1-454] Reading design checkpoint 'c:/Users/Frede/Documents/Uni/HDSW/Casio_hw-sw/zynq_interrupts.xpr/zynq_interrupts/zynq_interrupts.srcs/sources_1/bd/Zynq_interrupt_system/ip/Zynq_interrupt_system_axi_gpio_0_0/Zynq_interrupt_system_axi_gpio_0_0.dcp' for cell 'Zynq_interrupt_system_i/axi_gpio_0'
INFO: [Project 1-454] Reading design checkpoint 'c:/Users/Frede/Documents/Uni/HDSW/Casio_hw-sw/zynq_interrupts.xpr/zynq_interrupts/zynq_interrupts.srcs/sources_1/bd/Zynq_interrupt_system/ip/Zynq_interrupt_system_axi_gpio_1_0/Zynq_interrupt_system_axi_gpio_1_0.dcp' for cell 'Zynq_interrupt_system_i/axi_gpio_1'
INFO: [Project 1-454] Reading design checkpoint 'c:/Users/Frede/Documents/Uni/HDSW/Casio_hw-sw/zynq_interrupts.xpr/zynq_interrupts/zynq_interrupts.srcs/sources_1/bd/Zynq_interrupt_system/ip/Zynq_interrupt_system_axi_gpio_2_0/Zynq_interrupt_system_axi_gpio_2_0.dcp' for cell 'Zynq_interrupt_system_i/axi_gpio_2'
INFO: [Project 1-454] Reading design checkpoint 'c:/Users/Frede/Documents/Uni/HDSW/Casio_hw-sw/zynq_interrupts.xpr/zynq_interrupts/zynq_interrupts.srcs/sources_1/bd/Zynq_interrupt_system/ip/Zynq_interrupt_system_axi_timer_0_0/Zynq_interrupt_system_axi_timer_0_0.dcp' for cell 'Zynq_interrupt_system_i/axi_timer_0'
INFO: [Project 1-454] Reading design checkpoint 'c:/Users/Frede/Documents/Uni/HDSW/Casio_hw-sw/zynq_interrupts.xpr/zynq_interrupts/zynq_interrupts.srcs/sources_1/bd/Zynq_interrupt_system/ip/Zynq_interrupt_system_processing_system7_0_0/Zynq_interrupt_system_processing_system7_0_0.dcp' for cell 'Zynq_interrupt_system_i/processing_system7_0'
INFO: [Project 1-454] Reading design checkpoint 'c:/Users/Frede/Documents/Uni/HDSW/Casio_hw-sw/zynq_interrupts.xpr/zynq_interrupts/zynq_interrupts.srcs/sources_1/bd/Zynq_interrupt_system/ip/Zynq_interrupt_system_rst_ps7_0_100M_0/Zynq_interrupt_system_rst_ps7_0_100M_0.dcp' for cell 'Zynq_interrupt_system_i/rst_ps7_0_100M'
INFO: [Project 1-454] Reading design checkpoint 'c:/Users/Frede/Documents/Uni/HDSW/Casio_hw-sw/zynq_interrupts.xpr/zynq_interrupts/zynq_interrupts.srcs/sources_1/bd/Zynq_interrupt_system/ip/Zynq_interrupt_system_xlconcat_0_0/Zynq_interrupt_system_xlconcat_0_0.dcp' for cell 'Zynq_interrupt_system_i/xlconcat_0'
INFO: [Project 1-454] Reading design checkpoint 'c:/Users/Frede/Documents/Uni/HDSW/Casio_hw-sw/zynq_interrupts.xpr/zynq_interrupts/zynq_interrupts.srcs/sources_1/bd/Zynq_interrupt_system/ip/Zynq_interrupt_system_xbar_0/Zynq_interrupt_system_xbar_0.dcp' for cell 'Zynq_interrupt_system_i/ps7_0_axi_periph/xbar'
INFO: [Project 1-454] Reading design checkpoint 'c:/Users/Frede/Documents/Uni/HDSW/Casio_hw-sw/zynq_interrupts.xpr/zynq_interrupts/zynq_interrupts.srcs/sources_1/bd/Zynq_interrupt_system/ip/Zynq_interrupt_system_auto_pc_0/Zynq_interrupt_system_auto_pc_0.dcp' for cell 'Zynq_interrupt_system_i/ps7_0_axi_periph/s00_couplers/auto_pc'
INFO: [Netlist 29-17] Analyzing 74 Unisim elements for replacement
INFO: [Netlist 29-28] Unisim Transformation completed in 0 CPU seconds
INFO: [Project 1-479] Netlist was created with Vivado 2018.2
INFO: [Device 21-403] Loading part xc7z010clg400-1
INFO: [Project 1-570] Preparing netlist for logic optimization
Parsing XDC File [c:/Users/Frede/Documents/Uni/HDSW/Casio_hw-sw/zynq_interrupts.xpr/zynq_interrupts/zynq_interrupts.srcs/sources_1/bd/Zynq_interrupt_system/ip/Zynq_interrupt_system_processing_system7_0_0/Zynq_interrupt_system_processing_system7_0_0.xdc] for cell 'Zynq_interrupt_system_i/processing_system7_0/inst'
Finished Parsing XDC File [c:/Users/Frede/Documents/Uni/HDSW/Casio_hw-sw/zynq_interrupts.xpr/zynq_interrupts/zynq_interrupts.srcs/sources_1/bd/Zynq_interrupt_system/ip/Zynq_interrupt_system_processing_system7_0_0/Zynq_interrupt_system_processing_system7_0_0.xdc] for cell 'Zynq_interrupt_system_i/processing_system7_0/inst'
Parsing XDC File [c:/Users/Frede/Documents/Uni/HDSW/Casio_hw-sw/zynq_interrupts.xpr/zynq_interrupts/zynq_interrupts.srcs/sources_1/bd/Zynq_interrupt_system/ip/Zynq_interrupt_system_axi_gpio_0_0/Zynq_interrupt_system_axi_gpio_0_0_board.xdc] for cell 'Zynq_interrupt_system_i/axi_gpio_0/U0'
Finished Parsing XDC File [c:/Users/Frede/Documents/Uni/HDSW/Casio_hw-sw/zynq_interrupts.xpr/zynq_interrupts/zynq_interrupts.srcs/sources_1/bd/Zynq_interrupt_system/ip/Zynq_interrupt_system_axi_gpio_0_0/Zynq_interrupt_system_axi_gpio_0_0_board.xdc] for cell 'Zynq_interrupt_system_i/axi_gpio_0/U0'
Parsing XDC File [c:/Users/Frede/Documents/Uni/HDSW/Casio_hw-sw/zynq_interrupts.xpr/zynq_interrupts/zynq_interrupts.srcs/sources_1/bd/Zynq_interrupt_system/ip/Zynq_interrupt_system_axi_gpio_0_0/Zynq_interrupt_system_axi_gpio_0_0.xdc] for cell 'Zynq_interrupt_system_i/axi_gpio_0/U0'
Finished Parsing XDC File [c:/Users/Frede/Documents/Uni/HDSW/Casio_hw-sw/zynq_interrupts.xpr/zynq_interrupts/zynq_interrupts.srcs/sources_1/bd/Zynq_interrupt_system/ip/Zynq_interrupt_system_axi_gpio_0_0/Zynq_interrupt_system_axi_gpio_0_0.xdc] for cell 'Zynq_interrupt_system_i/axi_gpio_0/U0'
Parsing XDC File [c:/Users/Frede/Documents/Uni/HDSW/Casio_hw-sw/zynq_interrupts.xpr/zynq_interrupts/zynq_interrupts.srcs/sources_1/bd/Zynq_interrupt_system/ip/Zynq_interrupt_system_axi_gpio_1_0/Zynq_interrupt_system_axi_gpio_1_0_board.xdc] for cell 'Zynq_interrupt_system_i/axi_gpio_1/U0'
Finished Parsing XDC File [c:/Users/Frede/Documents/Uni/HDSW/Casio_hw-sw/zynq_interrupts.xpr/zynq_interrupts/zynq_interrupts.srcs/sources_1/bd/Zynq_interrupt_system/ip/Zynq_interrupt_system_axi_gpio_1_0/Zynq_interrupt_system_axi_gpio_1_0_board.xdc] for cell 'Zynq_interrupt_system_i/axi_gpio_1/U0'
Parsing XDC File [c:/Users/Frede/Documents/Uni/HDSW/Casio_hw-sw/zynq_interrupts.xpr/zynq_interrupts/zynq_interrupts.srcs/sources_1/bd/Zynq_interrupt_system/ip/Zynq_interrupt_system_axi_gpio_1_0/Zynq_interrupt_system_axi_gpio_1_0.xdc] for cell 'Zynq_interrupt_system_i/axi_gpio_1/U0'
Finished Parsing XDC File [c:/Users/Frede/Documents/Uni/HDSW/Casio_hw-sw/zynq_interrupts.xpr/zynq_interrupts/zynq_interrupts.srcs/sources_1/bd/Zynq_interrupt_system/ip/Zynq_interrupt_system_axi_gpio_1_0/Zynq_interrupt_system_axi_gpio_1_0.xdc] for cell 'Zynq_interrupt_system_i/axi_gpio_1/U0'
Parsing XDC File [c:/Users/Frede/Documents/Uni/HDSW/Casio_hw-sw/zynq_interrupts.xpr/zynq_interrupts/zynq_interrupts.srcs/sources_1/bd/Zynq_interrupt_system/ip/Zynq_interrupt_system_rst_ps7_0_100M_0/Zynq_interrupt_system_rst_ps7_0_100M_0_board.xdc] for cell 'Zynq_interrupt_system_i/rst_ps7_0_100M/U0'
Finished Parsing XDC File [c:/Users/Frede/Documents/Uni/HDSW/Casio_hw-sw/zynq_interrupts.xpr/zynq_interrupts/zynq_interrupts.srcs/sources_1/bd/Zynq_interrupt_system/ip/Zynq_interrupt_system_rst_ps7_0_100M_0/Zynq_interrupt_system_rst_ps7_0_100M_0_board.xdc] for cell 'Zynq_interrupt_system_i/rst_ps7_0_100M/U0'
Parsing XDC File [c:/Users/Frede/Documents/Uni/HDSW/Casio_hw-sw/zynq_interrupts.xpr/zynq_interrupts/zynq_interrupts.srcs/sources_1/bd/Zynq_interrupt_system/ip/Zynq_interrupt_system_rst_ps7_0_100M_0/Zynq_interrupt_system_rst_ps7_0_100M_0.xdc] for cell 'Zynq_interrupt_system_i/rst_ps7_0_100M/U0'
Finished Parsing XDC File [c:/Users/Frede/Documents/Uni/HDSW/Casio_hw-sw/zynq_interrupts.xpr/zynq_interrupts/zynq_interrupts.srcs/sources_1/bd/Zynq_interrupt_system/ip/Zynq_interrupt_system_rst_ps7_0_100M_0/Zynq_interrupt_system_rst_ps7_0_100M_0.xdc] for cell 'Zynq_interrupt_system_i/rst_ps7_0_100M/U0'
Parsing XDC File [c:/Users/Frede/Documents/Uni/HDSW/Casio_hw-sw/zynq_interrupts.xpr/zynq_interrupts/zynq_interrupts.srcs/sources_1/bd/Zynq_interrupt_system/ip/Zynq_interrupt_system_axi_timer_0_0/Zynq_interrupt_system_axi_timer_0_0.xdc] for cell 'Zynq_interrupt_system_i/axi_timer_0/U0'
Finished Parsing XDC File [c:/Users/Frede/Documents/Uni/HDSW/Casio_hw-sw/zynq_interrupts.xpr/zynq_interrupts/zynq_interrupts.srcs/sources_1/bd/Zynq_interrupt_system/ip/Zynq_interrupt_system_axi_timer_0_0/Zynq_interrupt_system_axi_timer_0_0.xdc] for cell 'Zynq_interrupt_system_i/axi_timer_0/U0'
Parsing XDC File [c:/Users/Frede/Documents/Uni/HDSW/Casio_hw-sw/zynq_interrupts.xpr/zynq_interrupts/zynq_interrupts.srcs/sources_1/bd/Zynq_interrupt_system/ip/Zynq_interrupt_system_axi_gpio_2_0/Zynq_interrupt_system_axi_gpio_2_0_board.xdc] for cell 'Zynq_interrupt_system_i/axi_gpio_2/U0'
Finished Parsing XDC File [c:/Users/Frede/Documents/Uni/HDSW/Casio_hw-sw/zynq_interrupts.xpr/zynq_interrupts/zynq_interrupts.srcs/sources_1/bd/Zynq_interrupt_system/ip/Zynq_interrupt_system_axi_gpio_2_0/Zynq_interrupt_system_axi_gpio_2_0_board.xdc] for cell 'Zynq_interrupt_system_i/axi_gpio_2/U0'
Parsing XDC File [c:/Users/Frede/Documents/Uni/HDSW/Casio_hw-sw/zynq_interrupts.xpr/zynq_interrupts/zynq_interrupts.srcs/sources_1/bd/Zynq_interrupt_system/ip/Zynq_interrupt_system_axi_gpio_2_0/Zynq_interrupt_system_axi_gpio_2_0.xdc] for cell 'Zynq_interrupt_system_i/axi_gpio_2/U0'
Finished Parsing XDC File [c:/Users/Frede/Documents/Uni/HDSW/Casio_hw-sw/zynq_interrupts.xpr/zynq_interrupts/zynq_interrupts.srcs/sources_1/bd/Zynq_interrupt_system/ip/Zynq_interrupt_system_axi_gpio_2_0/Zynq_interrupt_system_axi_gpio_2_0.xdc] for cell 'Zynq_interrupt_system_i/axi_gpio_2/U0'
INFO: [Opt 31-138] Pushed 0 inverter(s) to 0 load pin(s).
INFO: [Project 1-111] Unisim Transformation Summary:
No Unisim elements were transformed.

19 Infos, 0 Warnings, 0 Critical Warnings and 0 Errors encountered.
link_design completed successfully
link_design: Time (s): cpu = 00:00:10 ; elapsed = 00:00:14 . Memory (MB): peak = 634.773 ; gain = 353.180
Command: opt_design
Attempting to get a license for feature 'Implementation' and/or device 'xc7z010'
INFO: [Common 17-349] Got license for feature 'Implementation' and/or device 'xc7z010'
Running DRC as a precondition to command opt_design

Starting DRC Task
INFO: [DRC 23-27] Running DRC with 2 threads
INFO: [Project 1-461] DRC finished with 0 Errors
INFO: [Project 1-462] Please refer to the DRC report (report_drc) for more information.

Time (s): cpu = 00:00:01 ; elapsed = 00:00:00.596 . Memory (MB): peak = 644.695 ; gain = 9.922

Starting Cache Timing Information Task
INFO: [Timing 38-35] Done setting XDC timing constraints.
Ending Cache Timing Information Task | Checksum: f2810b91

Time (s): cpu = 00:00:12 ; elapsed = 00:00:15 . Memory (MB): peak = 1187.406 ; gain = 542.711

Starting Logic Optimization Task

Phase 1 Retarget
INFO: [Opt 31-138] Pushed 0 inverter(s) to 0 load pin(s).
INFO: [Opt 31-49] Retargeted 0 cell(s).
Phase 1 Retarget | Checksum: b59050d2

Time (s): cpu = 00:00:01 ; elapsed = 00:00:00.346 . Memory (MB): peak = 1187.406 ; gain = 0.000
INFO: [Opt 31-389] Phase Retarget created 0 cells and removed 0 cells

Phase 2 Constant propagation
INFO: [Opt 31-138] Pushed 0 inverter(s) to 0 load pin(s).
Phase 2 Constant propagation | Checksum: 17d098de4

Time (s): cpu = 00:00:01 ; elapsed = 00:00:00.412 . Memory (MB): peak = 1187.406 ; gain = 0.000
INFO: [Opt 31-389] Phase Constant propagation created 0 cells and removed 4 cells

Phase 3 Sweep
Phase 3 Sweep | Checksum: 148be191b

Time (s): cpu = 00:00:01 ; elapsed = 00:00:00.848 . Memory (MB): peak = 1187.406 ; gain = 0.000
INFO: [Opt 31-389] Phase Sweep created 4 cells and removed 191 cells

Phase 4 BUFG optimization
Phase 4 BUFG optimization | Checksum: 148be191b

Time (s): cpu = 00:00:01 ; elapsed = 00:00:00.938 . Memory (MB): peak = 1187.406 ; gain = 0.000
INFO: [Opt 31-662] Phase BUFG optimization created 0 cells of which 0 are BUFGs and removed 0 cells.

Phase 5 Shift Register Optimization
Phase 5 Shift Register Optimization | Checksum: b4855d7f

Time (s): cpu = 00:00:02 ; elapsed = 00:00:01 . Memory (MB): peak = 1187.406 ; gain = 0.000
INFO: [Opt 31-389] Phase Shift Register Optimization created 0 cells and removed 0 cells

Phase 6 Post Processing Netlist
Phase 6 Post Processing Netlist | Checksum: a5912d93

Time (s): cpu = 00:00:02 ; elapsed = 00:00:01 . Memory (MB): peak = 1187.406 ; gain = 0.000
INFO: [Opt 31-389] Phase Post Processing Netlist created 0 cells and removed 0 cells

Starting Connectivity Check Task

Time (s): cpu = 00:00:00 ; elapsed = 00:00:00.008 . Memory (MB): peak = 1187.406 ; gain = 0.000
Ending Logic Optimization Task | Checksum: a5912d93

Time (s): cpu = 00:00:02 ; elapsed = 00:00:01 . Memory (MB): peak = 1187.406 ; gain = 0.000

Starting Power Optimization Task
INFO: [Pwropt 34-132] Skipping clock gating for clocks with a period < 2.00 ns.
Ending Power Optimization Task | Checksum: a5912d93

Time (s): cpu = 00:00:00 ; elapsed = 00:00:00.015 . Memory (MB): peak = 1187.406 ; gain = 0.000

Starting Final Cleanup Task
Ending Final Cleanup Task | Checksum: a5912d93

Time (s): cpu = 00:00:00 ; elapsed = 00:00:00 . Memory (MB): peak = 1187.406 ; gain = 0.000
INFO: [Common 17-83] Releasing license: Implementation
35 Infos, 0 Warnings, 0 Critical Warnings and 0 Errors encountered.
opt_design completed successfully
opt_design: Time (s): cpu = 00:00:15 ; elapsed = 00:00:17 . Memory (MB): peak = 1187.406 ; gain = 552.633
INFO: [Timing 38-480] Writing timing data to binary archive.
Writing placer database...
Writing XDEF routing.
Writing XDEF routing logical nets.
Writing XDEF routing special nets.
Write XDEF Complete: Time (s): cpu = 00:00:00 ; elapsed = 00:00:00.108 . Memory (MB): peak = 1187.406 ; gain = 0.000
INFO: [Common 17-1381] The checkpoint 'C:/Users/Frede/Documents/Uni/HDSW/Casio_hw-sw/zynq_interrupts.xpr/zynq_interrupts/zynq_interrupts.runs/impl_1/Zynq_interrupt_system_wrapper_opt.dcp' has been generated.
INFO: [runtcl-4] Executing : report_drc -file Zynq_interrupt_system_wrapper_drc_opted.rpt -pb Zynq_interrupt_system_wrapper_drc_opted.pb -rpx Zynq_interrupt_system_wrapper_drc_opted.rpx
Command: report_drc -file Zynq_interrupt_system_wrapper_drc_opted.rpt -pb Zynq_interrupt_system_wrapper_drc_opted.pb -rpx Zynq_interrupt_system_wrapper_drc_opted.rpx
INFO: [DRC 23-27] Running DRC with 2 threads
INFO: [Coretcl 2-168] The results of DRC are in file C:/Users/Frede/Documents/Uni/HDSW/Casio_hw-sw/zynq_interrupts.xpr/zynq_interrupts/zynq_interrupts.runs/impl_1/Zynq_interrupt_system_wrapper_drc_opted.rpt.
report_drc completed successfully
Command: place_design
Attempting to get a license for feature 'Implementation' and/or device 'xc7z010'
INFO: [Common 17-349] Got license for feature 'Implementation' and/or device 'xc7z010'
INFO: [DRC 23-27] Running DRC with 2 threads
INFO: [Vivado_Tcl 4-198] DRC finished with 0 Errors
INFO: [Vivado_Tcl 4-199] Please refer to the DRC report (report_drc) for more information.
Running DRC as a precondition to command place_design
INFO: [DRC 23-27] Running DRC with 2 threads
INFO: [Vivado_Tcl 4-198] DRC finished with 0 Errors
INFO: [Vivado_Tcl 4-199] Please refer to the DRC report (report_drc) for more information.

Starting Placer Task
INFO: [Place 30-611] Multithreading enabled for place_design using a maximum of 2 CPUs

Phase 1 Placer Initialization

Phase 1.1 Placer Initialization Netlist Sorting
Netlist sorting complete. Time (s): cpu = 00:00:00 ; elapsed = 00:00:00.007 . Memory (MB): peak = 1187.406 ; gain = 0.000
Phase 1.1 Placer Initialization Netlist Sorting | Checksum: 7c30ef02

Time (s): cpu = 00:00:00 ; elapsed = 00:00:00.013 . Memory (MB): peak = 1187.406 ; gain = 0.000
Netlist sorting complete. Time (s): cpu = 00:00:00 ; elapsed = 00:00:00.007 . Memory (MB): peak = 1187.406 ; gain = 0.000

Phase 1.2 IO Placement/ Clock Placement/ Build Placer Device
INFO: [Timing 38-35] Done setting XDC timing constraints.
Phase 1.2 IO Placement/ Clock Placement/ Build Placer Device | Checksum: 1ae6568ff

Time (s): cpu = 00:00:02 ; elapsed = 00:00:02 . Memory (MB): peak = 1187.406 ; gain = 0.000

Phase 1.3 Build Placer Netlist Model
Phase 1.3 Build Placer Netlist Model | Checksum: 2c9ce8560

Time (s): cpu = 00:00:03 ; elapsed = 00:00:02 . Memory (MB): peak = 1187.406 ; gain = 0.000

Phase 1.4 Constrain Clocks/Macros
Phase 1.4 Constrain Clocks/Macros | Checksum: 2c9ce8560

Time (s): cpu = 00:00:03 ; elapsed = 00:00:02 . Memory (MB): peak = 1187.406 ; gain = 0.000
Phase 1 Placer Initialization | Checksum: 2c9ce8560

Time (s): cpu = 00:00:03 ; elapsed = 00:00:02 . Memory (MB): peak = 1187.406 ; gain = 0.000

Phase 2 Global Placement

Phase 2.1 Floorplanning
Phase 2.1 Floorplanning | Checksum: 22e09d899

Time (s): cpu = 00:00:03 ; elapsed = 00:00:02 . Memory (MB): peak = 1187.406 ; gain = 0.000

Phase 2.2 Physical Synthesis In Placer
INFO: [Physopt 32-65] No nets found for high-fanout optimization.
INFO: [Physopt 32-232] Optimized 0 net. Created 0 new instance.
INFO: [Physopt 32-775] End 1 Pass. Optimized 0 net or cell. Created 0 new cell, deleted 0 existing cell and moved 0 existing cell
Netlist sorting complete. Time (s): cpu = 00:00:00 ; elapsed = 00:00:00.007 . Memory (MB): peak = 1187.406 ; gain = 0.000

Summary of Physical Synthesis Optimizations
============================================


-----------------------------------------------------------------------------------------------------------------------------
|  Optimization       |  Added Cells  |  Removed Cells  |  Optimized Cells/Nets  |  Dont Touch  |  Iterations  |  Elapsed   |
-----------------------------------------------------------------------------------------------------------------------------
|  Very High Fanout   |            0  |              0  |                     0  |           0  |           1  |  00:00:00  |
|  Total              |            0  |              0  |                     0  |           0  |           1  |  00:00:00  |
-----------------------------------------------------------------------------------------------------------------------------


Phase 2.2 Physical Synthesis In Placer | Checksum: 207925603

Time (s): cpu = 00:00:06 ; elapsed = 00:00:05 . Memory (MB): peak = 1187.406 ; gain = 0.000
Phase 2 Global Placement | Checksum: 23548b1cb

Time (s): cpu = 00:00:06 ; elapsed = 00:00:05 . Memory (MB): peak = 1187.406 ; gain = 0.000

Phase 3 Detail Placement

Phase 3.1 Commit Multi Column Macros
Phase 3.1 Commit Multi Column Macros | Checksum: 23548b1cb

Time (s): cpu = 00:00:06 ; elapsed = 00:00:05 . Memory (MB): peak = 1187.406 ; gain = 0.000

Phase 3.2 Commit Most Macros & LUTRAMs
Phase 3.2 Commit Most Macros & LUTRAMs | Checksum: 10efdf8e0

Time (s): cpu = 00:00:07 ; elapsed = 00:00:05 . Memory (MB): peak = 1187.406 ; gain = 0.000

Phase 3.3 Area Swap Optimization
Phase 3.3 Area Swap Optimization | Checksum: 1c5d3f15f

Time (s): cpu = 00:00:07 ; elapsed = 00:00:05 . Memory (MB): peak = 1187.406 ; gain = 0.000

Phase 3.4 Pipeline Register Optimization
Phase 3.4 Pipeline Register Optimization | Checksum: 1c5d3f15f

Time (s): cpu = 00:00:07 ; elapsed = 00:00:05 . Memory (MB): peak = 1187.406 ; gain = 0.000

Phase 3.5 Small Shape Detail Placement
Phase 3.5 Small Shape Detail Placement | Checksum: 1a8b62aa1

Time (s): cpu = 00:00:07 ; elapsed = 00:00:06 . Memory (MB): peak = 1187.406 ; gain = 0.000

Phase 3.6 Re-assign LUT pins
Phase 3.6 Re-assign LUT pins | Checksum: 22cf8780c

Time (s): cpu = 00:00:07 ; elapsed = 00:00:06 . Memory (MB): peak = 1187.406 ; gain = 0.000

Phase 3.7 Pipeline Register Optimization
Phase 3.7 Pipeline Register Optimization | Checksum: 22cf8780c

Time (s): cpu = 00:00:07 ; elapsed = 00:00:06 . Memory (MB): peak = 1187.406 ; gain = 0.000
Phase 3 Detail Placement | Checksum: 22cf8780c

Time (s): cpu = 00:00:07 ; elapsed = 00:00:06 . Memory (MB): peak = 1187.406 ; gain = 0.000

Phase 4 Post Placement Optimization and Clean-Up

Phase 4.1 Post Commit Optimization
INFO: [Timing 38-35] Done setting XDC timing constraints.

Phase 4.1.1 Post Placement Optimization
Post Placement Optimization Initialization | Checksum: 20fa68a12

Phase 4.1.1.1 BUFG Insertion
INFO: [Place 46-31] BUFG insertion identified 0 candidate nets, 0 success, 0 skipped for placement/routing, 0 skipped for timing, 0 skipped for netlist change reason.
Phase 4.1.1.1 BUFG Insertion | Checksum: 20fa68a12

Time (s): cpu = 00:00:08 ; elapsed = 00:00:06 . Memory (MB): peak = 1189.578 ; gain = 2.172
INFO: [Place 30-746] Post Placement Timing Summary WNS=3.132. For the most accurate timing information please run report_timing.
Phase 4.1.1 Post Placement Optimization | Checksum: 24e57de6e

Time (s): cpu = 00:00:08 ; elapsed = 00:00:06 . Memory (MB): peak = 1189.578 ; gain = 2.172
Phase 4.1 Post Commit Optimization | Checksum: 24e57de6e

Time (s): cpu = 00:00:08 ; elapsed = 00:00:06 . Memory (MB): peak = 1189.578 ; gain = 2.172

Phase 4.2 Post Placement Cleanup
Phase 4.2 Post Placement Cleanup | Checksum: 24e57de6e

Time (s): cpu = 00:00:08 ; elapsed = 00:00:06 . Memory (MB): peak = 1189.578 ; gain = 2.172

Phase 4.3 Placer Reporting
Phase 4.3 Placer Reporting | Checksum: 24e57de6e

Time (s): cpu = 00:00:08 ; elapsed = 00:00:06 . Memory (MB): peak = 1189.578 ; gain = 2.172

Phase 4.4 Final Placement Cleanup
Phase 4.4 Final Placement Cleanup | Checksum: 1f253dc92

Time (s): cpu = 00:00:08 ; elapsed = 00:00:06 . Memory (MB): peak = 1189.578 ; gain = 2.172
Phase 4 Post Placement Optimization and Clean-Up | Checksum: 1f253dc92

Time (s): cpu = 00:00:08 ; elapsed = 00:00:06 . Memory (MB): peak = 1189.578 ; gain = 2.172
Ending Placer Task | Checksum: 145e55fbf

Time (s): cpu = 00:00:08 ; elapsed = 00:00:06 . Memory (MB): peak = 1189.578 ; gain = 2.172
INFO: [Common 17-83] Releasing license: Implementation
56 Infos, 0 Warnings, 0 Critical Warnings and 0 Errors encountered.
place_design completed successfully
place_design: Time (s): cpu = 00:00:10 ; elapsed = 00:00:08 . Memory (MB): peak = 1189.578 ; gain = 2.172
INFO: [Timing 38-480] Writing timing data to binary archive.
Writing placer database...
Writing XDEF routing.
Writing XDEF routing logical nets.
Writing XDEF routing special nets.
Write XDEF Complete: Time (s): cpu = 00:00:02 ; elapsed = 00:00:00.360 . Memory (MB): peak = 1199.875 ; gain = 10.297
INFO: [Common 17-1381] The checkpoint 'C:/Users/Frede/Documents/Uni/HDSW/Casio_hw-sw/zynq_interrupts.xpr/zynq_interrupts/zynq_interrupts.runs/impl_1/Zynq_interrupt_system_wrapper_placed.dcp' has been generated.
INFO: [runtcl-4] Executing : report_io -file Zynq_interrupt_system_wrapper_io_placed.rpt
report_io: Time (s): cpu = 00:00:00 ; elapsed = 00:00:00.072 . Memory (MB): peak = 1199.875 ; gain = 0.000
INFO: [runtcl-4] Executing : report_utilization -file Zynq_interrupt_system_wrapper_utilization_placed.rpt -pb Zynq_interrupt_system_wrapper_utilization_placed.pb
report_utilization: Time (s): cpu = 00:00:00 ; elapsed = 00:00:00.041 . Memory (MB): peak = 1199.875 ; gain = 0.000
INFO: [runtcl-4] Executing : report_control_sets -verbose -file Zynq_interrupt_system_wrapper_control_sets_placed.rpt
report_control_sets: Time (s): cpu = 00:00:00 ; elapsed = 00:00:00.013 . Memory (MB): peak = 1199.875 ; gain = 0.000
Command: route_design
Attempting to get a license for feature 'Implementation' and/or device 'xc7z010'
INFO: [Common 17-349] Got license for feature 'Implementation' and/or device 'xc7z010'
Running DRC as a precondition to command route_design
INFO: [DRC 23-27] Running DRC with 2 threads
INFO: [Vivado_Tcl 4-198] DRC finished with 0 Errors
INFO: [Vivado_Tcl 4-199] Please refer to the DRC report (report_drc) for more information.


Starting Routing Task
INFO: [Route 35-254] Multithreading enabled for route_design using a maximum of 2 CPUs
Checksum: PlaceDB: c287a1ef ConstDB: 0 ShapeSum: 835dbdd0 RouteDB: 0

Phase 1 Build RT Design
Phase 1 Build RT Design | Checksum: 8a2c98e4

Time (s): cpu = 00:00:13 ; elapsed = 00:00:12 . Memory (MB): peak = 1257.805 ; gain = 57.930
Post Restoration Checksum: NetGraph: 38dd925a NumContArr: 514f068a Constraints: 0 Timing: 0

Phase 2 Router Initialization

Phase 2.1 Create Timer
Phase 2.1 Create Timer | Checksum: 8a2c98e4

Time (s): cpu = 00:00:13 ; elapsed = 00:00:12 . Memory (MB): peak = 1257.832 ; gain = 57.957

Phase 2.2 Fix Topology Constraints
Phase 2.2 Fix Topology Constraints | Checksum: 8a2c98e4

Time (s): cpu = 00:00:13 ; elapsed = 00:00:12 . Memory (MB): peak = 1263.812 ; gain = 63.938

Phase 2.3 Pre Route Cleanup
Phase 2.3 Pre Route Cleanup | Checksum: 8a2c98e4

Time (s): cpu = 00:00:13 ; elapsed = 00:00:12 . Memory (MB): peak = 1263.812 ; gain = 63.938
 Number of Nodes with overlaps = 0

Phase 2.4 Update Timing
Phase 2.4 Update Timing | Checksum: 190c6d74a

Time (s): cpu = 00:00:14 ; elapsed = 00:00:13 . Memory (MB): peak = 1271.230 ; gain = 71.355
INFO: [Route 35-416] Intermediate Timing Summary | WNS=3.125  | TNS=0.000  | WHS=-0.147 | THS=-27.004|

Phase 2 Router Initialization | Checksum: 17395bda9

Time (s): cpu = 00:00:15 ; elapsed = 00:00:13 . Memory (MB): peak = 1273.992 ; gain = 74.117

Phase 3 Initial Routing
Phase 3 Initial Routing | Checksum: 2160a7c8c

Time (s): cpu = 00:00:15 ; elapsed = 00:00:13 . Memory (MB): peak = 1273.992 ; gain = 74.117

Phase 4 Rip-up And Reroute

Phase 4.1 Global Iteration 0
 Number of Nodes with overlaps = 189
 Number of Nodes with overlaps = 3
 Number of Nodes with overlaps = 1
 Number of Nodes with overlaps = 0
INFO: [Route 35-416] Intermediate Timing Summary | WNS=3.169  | TNS=0.000  | WHS=N/A    | THS=N/A    |

Phase 4.1 Global Iteration 0 | Checksum: 13a12f343

Time (s): cpu = 00:00:16 ; elapsed = 00:00:14 . Memory (MB): peak = 1273.992 ; gain = 74.117

Phase 4.2 Global Iteration 1
 Number of Nodes with overlaps = 0
INFO: [Route 35-416] Intermediate Timing Summary | WNS=3.169  | TNS=0.000  | WHS=N/A    | THS=N/A    |

Phase 4.2 Global Iteration 1 | Checksum: 1d540ae8c

Time (s): cpu = 00:00:16 ; elapsed = 00:00:14 . Memory (MB): peak = 1273.992 ; gain = 74.117
Phase 4 Rip-up And Reroute | Checksum: 1d540ae8c

Time (s): cpu = 00:00:16 ; elapsed = 00:00:14 . Memory (MB): peak = 1273.992 ; gain = 74.117

Phase 5 Delay and Skew Optimization

Phase 5.1 Delay CleanUp
Phase 5.1 Delay CleanUp | Checksum: 1d540ae8c

Time (s): cpu = 00:00:16 ; elapsed = 00:00:14 . Memory (MB): peak = 1273.992 ; gain = 74.117

Phase 5.2 Clock Skew Optimization
Phase 5.2 Clock Skew Optimization | Checksum: 1d540ae8c

Time (s): cpu = 00:00:16 ; elapsed = 00:00:14 . Memory (MB): peak = 1273.992 ; gain = 74.117
Phase 5 Delay and Skew Optimization | Checksum: 1d540ae8c

Time (s): cpu = 00:00:16 ; elapsed = 00:00:14 . Memory (MB): peak = 1273.992 ; gain = 74.117

Phase 6 Post Hold Fix

Phase 6.1 Hold Fix Iter

Phase 6.1.1 Update Timing
Phase 6.1.1 Update Timing | Checksum: 1d8437832

Time (s): cpu = 00:00:16 ; elapsed = 00:00:14 . Memory (MB): peak = 1273.992 ; gain = 74.117
INFO: [Route 35-416] Intermediate Timing Summary | WNS=3.284  | TNS=0.000  | WHS=0.023  | THS=0.000  |

Phase 6.1 Hold Fix Iter | Checksum: 1164c4b94

Time (s): cpu = 00:00:16 ; elapsed = 00:00:14 . Memory (MB): peak = 1273.992 ; gain = 74.117
Phase 6 Post Hold Fix | Checksum: 1164c4b94

Time (s): cpu = 00:00:16 ; elapsed = 00:00:14 . Memory (MB): peak = 1273.992 ; gain = 74.117

Phase 7 Route finalize

Router Utilization Summary
  Global Vertical Routing Utilization    = 0.832489 %
  Global Horizontal Routing Utilization  = 1.14775 %
  Routable Net Status*
  *Does not include unroutable nets such as driverless and loadless.
  Run report_route_status for detailed report.
  Number of Failed Nets               = 0
  Number of Unrouted Nets             = 0
  Number of Partially Routed Nets     = 0
  Number of Node Overlaps             = 0

Phase 7 Route finalize | Checksum: 194b2fa7c

Time (s): cpu = 00:00:16 ; elapsed = 00:00:14 . Memory (MB): peak = 1273.992 ; gain = 74.117

Phase 8 Verifying routed nets

 Verification completed successfully
Phase 8 Verifying routed nets | Checksum: 194b2fa7c

Time (s): cpu = 00:00:16 ; elapsed = 00:00:14 . Memory (MB): peak = 1275.340 ; gain = 75.465

Phase 9 Depositing Routes
Phase 9 Depositing Routes | Checksum: 208375521

Time (s): cpu = 00:00:17 ; elapsed = 00:00:14 . Memory (MB): peak = 1275.340 ; gain = 75.465

Phase 10 Post Router Timing
INFO: [Route 35-57] Estimated Timing Summary | WNS=3.284  | TNS=0.000  | WHS=0.023  | THS=0.000  |

INFO: [Route 35-327] The final timing numbers are based on the router estimated timing analysis. For a complete and accurate timing signoff, please run report_timing_summary.
Phase 10 Post Router Timing | Checksum: 208375521

Time (s): cpu = 00:00:17 ; elapsed = 00:00:14 . Memory (MB): peak = 1275.340 ; gain = 75.465
INFO: [Route 35-16] Router Completed Successfully

Time (s): cpu = 00:00:17 ; elapsed = 00:00:14 . Memory (MB): peak = 1275.340 ; gain = 75.465

Routing Is Done.
INFO: [Common 17-83] Releasing license: Implementation
74 Infos, 0 Warnings, 0 Critical Warnings and 0 Errors encountered.
route_design completed successfully
route_design: Time (s): cpu = 00:00:20 ; elapsed = 00:00:16 . Memory (MB): peak = 1275.340 ; gain = 75.465
INFO: [Timing 38-480] Writing timing data to binary archive.
Writing placer database...
Writing XDEF routing.
Writing XDEF routing logical nets.
Writing XDEF routing special nets.
Write XDEF Complete: Time (s): cpu = 00:00:01 ; elapsed = 00:00:00.429 . Memory (MB): peak = 1280.102 ; gain = 4.762
INFO: [Common 17-1381] The checkpoint 'C:/Users/Frede/Documents/Uni/HDSW/Casio_hw-sw/zynq_interrupts.xpr/zynq_interrupts/zynq_interrupts.runs/impl_1/Zynq_interrupt_system_wrapper_routed.dcp' has been generated.
INFO: [runtcl-4] Executing : report_drc -file Zynq_interrupt_system_wrapper_drc_routed.rpt -pb Zynq_interrupt_system_wrapper_drc_routed.pb -rpx Zynq_interrupt_system_wrapper_drc_routed.rpx
Command: report_drc -file Zynq_interrupt_system_wrapper_drc_routed.rpt -pb Zynq_interrupt_system_wrapper_drc_routed.pb -rpx Zynq_interrupt_system_wrapper_drc_routed.rpx
INFO: [DRC 23-27] Running DRC with 2 threads
INFO: [Coretcl 2-168] The results of DRC are in file C:/Users/Frede/Documents/Uni/HDSW/Casio_hw-sw/zynq_interrupts.xpr/zynq_interrupts/zynq_interrupts.runs/impl_1/Zynq_interrupt_system_wrapper_drc_routed.rpt.
report_drc completed successfully
INFO: [runtcl-4] Executing : report_methodology -file Zynq_interrupt_system_wrapper_methodology_drc_routed.rpt -pb Zynq_interrupt_system_wrapper_methodology_drc_routed.pb -rpx Zynq_interrupt_system_wrapper_methodology_drc_routed.rpx
Command: report_methodology -file Zynq_interrupt_system_wrapper_methodology_drc_routed.rpt -pb Zynq_interrupt_system_wrapper_methodology_drc_routed.pb -rpx Zynq_interrupt_system_wrapper_methodology_drc_routed.rpx
INFO: [Timing 38-35] Done setting XDC timing constraints.
INFO: [Timing 38-35] Done setting XDC timing constraints.
INFO: [DRC 23-133] Running Methodology with 2 threads
INFO: [Coretcl 2-1520] The results of Report Methodology are in file C:/Users/Frede/Documents/Uni/HDSW/Casio_hw-sw/zynq_interrupts.xpr/zynq_interrupts/zynq_interrupts.runs/impl_1/Zynq_interrupt_system_wrapper_methodology_drc_routed.rpt.
report_methodology completed successfully
INFO: [runtcl-4] Executing : report_power -file Zynq_interrupt_system_wrapper_power_routed.rpt -pb Zynq_interrupt_system_wrapper_power_summary_routed.pb -rpx Zynq_interrupt_system_wrapper_power_routed.rpx
Command: report_power -file Zynq_interrupt_system_wrapper_power_routed.rpt -pb Zynq_interrupt_system_wrapper_power_summary_routed.pb -rpx Zynq_interrupt_system_wrapper_power_routed.rpx
INFO: [Timing 38-35] Done setting XDC timing constraints.
Running Vector-less Activity Propagation...

Finished Running Vector-less Activity Propagation
86 Infos, 0 Warnings, 0 Critical Warnings and 0 Errors encountered.
report_power completed successfully
INFO: [runtcl-4] Executing : report_route_status -file Zynq_interrupt_system_wrapper_route_status.rpt -pb Zynq_interrupt_system_wrapper_route_status.pb
INFO: [runtcl-4] Executing : report_timing_summary -max_paths 10 -file Zynq_interrupt_system_wrapper_timing_summary_routed.rpt -pb Zynq_interrupt_system_wrapper_timing_summary_routed.pb -rpx Zynq_interrupt_system_wrapper_timing_summary_routed.rpx -warn_on_violation 
INFO: [Timing 38-91] UpdateTimingParams: Speed grade: -1, Delay Type: min_max, Timing Stage: Requireds.
INFO: [Timing 38-191] Multithreading enabled for timing update using a maximum of 2 CPUs
INFO: [runtcl-4] Executing : report_incremental_reuse -file Zynq_interrupt_system_wrapper_incremental_reuse_routed.rpt
INFO: [Vivado_Tcl 4-545] No incremental reuse to report, no incremental placement and routing data was found.
INFO: [runtcl-4] Executing : report_clock_utilization -file Zynq_interrupt_system_wrapper_clock_utilization_routed.rpt
INFO: [runtcl-4] Executing : report_bus_skew -warn_on_violation -file Zynq_interrupt_system_wrapper_bus_skew_routed.rpt -pb Zynq_interrupt_system_wrapper_bus_skew_routed.pb -rpx Zynq_interrupt_system_wrapper_bus_skew_routed.rpx
INFO: [Timing 38-91] UpdateTimingParams: Speed grade: -1, Delay Type: min_max, Timing Stage: Requireds.
INFO: [Timing 38-191] Multithreading enabled for timing update using a maximum of 2 CPUs
INFO: [Common 17-206] Exiting Vivado at Tue Oct  6 17:15:51 2026...

*** Running vivado
    with args -log Zynq_interrupt_system_wrapper.vdi -applog -m64 -product Vivado -messageDb vivado.pb -mode batch -source Zynq_interrupt_system_wrapper.tcl -notrace


****** Vivado v2018.2 (64-bit)
  **** SW Build 2258646 on Thu Jun 14 20:03:12 MDT 2018
  **** IP Build 2256618 on Thu Jun 14 22:10:49 MDT 2018
    ** Copyright 1986-2018 Xilinx, Inc. All Rights Reserved.

source Zynq_interrupt_system_wrapper.tcl -notrace
Command: open_checkpoint Zynq_interrupt_system_wrapper_routed.dcp

Starting open_checkpoint Task

Time (s): cpu = 00:00:00 ; elapsed = 00:00:00.032 . Memory (MB): peak = 223.996 ; gain = 0.000
INFO: [Netlist 29-17] Analyzing 74 Unisim elements for replacement
INFO: [Netlist 29-28] Unisim Transformation completed in 0 CPU seconds
INFO: [Project 1-479] Netlist was created with Vivado 2018.2
INFO: [Device 21-403] Loading part xc7z010clg400-1
INFO: [Project 1-570] Preparing netlist for logic optimization
INFO: [Timing 38-478] Restoring timing data from binary archive.
INFO: [Timing 38-479] Binary timing data restore complete.
INFO: [Project 1-856] Restoring constraints from binary archive.
INFO: [Project 1-853] Binary constraint restore complete.
Reading XDEF placement.
Reading placer database...
Reading XDEF routing.
Read XDEF File: Time (s): cpu = 00:00:01 ; elapsed = 00:00:00.555 . Memory (MB): peak = 1076.223 ; gain = 0.000
Restored from archive | CPU: 1.000000 secs | Memory: 0.000000 MB |
Finished XDEF File Restore: Time (s): cpu = 00:00:01 ; elapsed = 00:00:00.556 . Memory (MB): peak = 1076.223 ; gain = 0.000
INFO: [Project 1-111] Unisim Transformation Summary:
No Unisim elements were transformed.

INFO: [Project 1-604] Checkpoint was created with Vivado v2018.2 (64-bit) build 2258646
open_checkpoint: Time (s): cpu = 00:00:21 ; elapsed = 00:00:25 . Memory (MB): peak = 1076.223 ; gain = 860.984
Command: write_bitstream -force Zynq_interrupt_system_wrapper.bit
Attempting to get a license for feature 'Implementation' and/or device 'xc7z010'
INFO: [Common 17-349] Got license for feature 'Implementation' and/or device 'xc7z010'
Running DRC as a precondition to command write_bitstream
INFO: [IP_Flow 19-234] Refreshing IP repositories
INFO: [IP_Flow 19-1704] No user IP repositories specified
INFO: [IP_Flow 19-2313] Loaded Vivado IP repository 'C:/Xilinx/Vivado/2018.2/data/ip'.
INFO: [DRC 23-27] Running DRC with 2 threads
INFO: [Vivado 12-3199] DRC finished with 0 Errors
INFO: [Vivado 12-3200] Please refer to the DRC report (report_drc) for more information.
INFO: [Designutils 20-2272] Running write_bitstream with 2 threads.
Loading data files...
Loading site data...
Loading route data...
Processing options...
Creating bitmap...
Creating bitstream...
Writing bitstream ./Zynq_interrupt_system_wrapper.bit...
INFO: [Vivado 12-1842] Bitgen Completed Successfully.
INFO: [Project 1-120] WebTalk data collection is mandatory when using a WebPACK part without a full Vivado license. To see the specific WebTalk data collected for your design, open the usage_statistics_webtalk.html or usage_statistics_webtalk.xml file in the implementation directory.
INFO: [Common 17-83] Releasing license: Implementation
22 Infos, 0 Warnings, 0 Critical Warnings and 0 Errors encountered.
write_bitstream completed successfully
write_bitstream: Time (s): cpu = 00:00:17 ; elapsed = 00:00:16 . Memory (MB): peak = 1539.375 ; gain = 463.152
INFO: [Common 17-206] Exiting Vivado at Tue Oct  6 17:17:45 2026...
