16:15:55 INFO  : Registering command handlers for SDK TCF services
16:15:56 INFO  : Launching XSCT server: xsct.bat -interactive C:\Users\kirst\Documents\HWSF\Casio\zynq_interrupts\zynq_interrupts.sdk\temp_xsdb_launch_script.tcl
16:15:59 INFO  : XSCT server has started successfully.
16:15:59 INFO  : Successfully done setting XSCT server connection channel  
16:16:00 INFO  : Successfully done setting SDK workspace  
16:16:00 INFO  : Processing command line option -hwspec C:/Users/kirst/Documents/HWSF/Casio/zynq_interrupts/zynq_interrupts.sdk/Zynq_interrupt_system_wrapper.hdf.
16:20:42 INFO  : 'targets -set -filter {jtag_cable_name =~ "Digilent Zybo 210279574420A" && level==0} -index 1' command is executed.
16:20:42 INFO  : 'fpga -state' command is executed.
16:20:47 INFO  : Connected to target on host '127.0.0.1' and port '3121'.
16:20:47 INFO  : Jtag cable 'Digilent Zybo 210279574420A' is selected.
16:20:47 INFO  : 'jtag frequency' command is executed.
16:20:47 INFO  : Sourcing of 'C:/Users/kirst/Documents/HWSF/Casio/zynq_interrupts/zynq_interrupts.sdk/Zynq_interrupt_system_wrapper_hw_platform_0/ps7_init.tcl' is done.
16:20:47 INFO  : Context for 'APU' is selected.
16:20:47 INFO  : Hardware design information is loaded from 'C:/Users/kirst/Documents/HWSF/Casio/zynq_interrupts/zynq_interrupts.sdk/Zynq_interrupt_system_wrapper_hw_platform_0/system.hdf'.
16:20:47 INFO  : 'configparams force-mem-access 1' command is executed.
16:20:47 INFO  : Context for 'APU' is selected.
16:20:47 INFO  : 'stop' command is executed.
16:20:47 INFO  : 'ps7_init' command is executed.
16:20:47 INFO  : 'ps7_post_config' command is executed.
16:20:47 INFO  : 'configparams force-mem-access 0' command is executed.
16:20:47 INFO  : ----------------XSDB Script----------------
connect -url tcp:127.0.0.1:3121
source C:/Users/kirst/Documents/HWSF/Casio/zynq_interrupts/zynq_interrupts.sdk/Zynq_interrupt_system_wrapper_hw_platform_0/ps7_init.tcl
targets -set -nocase -filter {name =~"APU*" && jtag_cable_name =~ "Digilent Zybo 210279574420A"} -index 0
loadhw -hw C:/Users/kirst/Documents/HWSF/Casio/zynq_interrupts/zynq_interrupts.sdk/Zynq_interrupt_system_wrapper_hw_platform_0/system.hdf -mem-ranges [list {0x40000000 0xbfffffff}]
configparams force-mem-access 1
targets -set -nocase -filter {name =~"APU*" && jtag_cable_name =~ "Digilent Zybo 210279574420A"} -index 0
stop
ps7_init
ps7_post_config
configparams force-mem-access 0
----------------End of Script----------------

16:20:47 INFO  : Disconnected from the channel tcfchan#1.
16:20:57 INFO  : Connected to target on host '127.0.0.1' and port '3121'.
16:20:57 INFO  : 'targets -set -filter {jtag_cable_name =~ "Digilent Zybo 210279574420A" && level==0} -index 1' command is executed.
16:20:59 INFO  : FPGA configured successfully with bitstream "C:/Users/kirst/Documents/HWSF/Casio/zynq_interrupts/zynq_interrupts.sdk/Zynq_interrupt_system_wrapper_hw_platform_0/Zynq_interrupt_system_wrapper.bit"
16:21:21 INFO  : 'targets -set -filter {jtag_cable_name =~ "Digilent Zybo 210279574420A" && level==0} -index 1' command is executed.
16:21:21 INFO  : 'fpga -state' command is executed.
16:21:21 INFO  : Connected to target on host '127.0.0.1' and port '3121'.
16:21:21 INFO  : Jtag cable 'Digilent Zybo 210279574420A' is selected.
16:21:21 INFO  : 'jtag frequency' command is executed.
16:21:21 INFO  : Sourcing of 'C:/Users/kirst/Documents/HWSF/Casio/zynq_interrupts/zynq_interrupts.sdk/Zynq_interrupt_system_wrapper_hw_platform_0/ps7_init.tcl' is done.
16:21:21 INFO  : Context for 'APU' is selected.
16:21:21 INFO  : Hardware design information is loaded from 'C:/Users/kirst/Documents/HWSF/Casio/zynq_interrupts/zynq_interrupts.sdk/Zynq_interrupt_system_wrapper_hw_platform_0/system.hdf'.
16:21:21 INFO  : 'configparams force-mem-access 1' command is executed.
16:21:21 INFO  : Context for 'APU' is selected.
16:21:21 INFO  : 'stop' command is executed.
16:21:21 INFO  : 'ps7_init' command is executed.
16:21:21 INFO  : 'ps7_post_config' command is executed.
16:21:21 INFO  : 'configparams force-mem-access 0' command is executed.
16:21:21 INFO  : ----------------XSDB Script----------------
connect -url tcp:127.0.0.1:3121
source C:/Users/kirst/Documents/HWSF/Casio/zynq_interrupts/zynq_interrupts.sdk/Zynq_interrupt_system_wrapper_hw_platform_0/ps7_init.tcl
targets -set -nocase -filter {name =~"APU*" && jtag_cable_name =~ "Digilent Zybo 210279574420A"} -index 0
loadhw -hw C:/Users/kirst/Documents/HWSF/Casio/zynq_interrupts/zynq_interrupts.sdk/Zynq_interrupt_system_wrapper_hw_platform_0/system.hdf -mem-ranges [list {0x40000000 0xbfffffff}]
configparams force-mem-access 1
targets -set -nocase -filter {name =~"APU*" && jtag_cable_name =~ "Digilent Zybo 210279574420A"} -index 0
stop
ps7_init
ps7_post_config
configparams force-mem-access 0
----------------End of Script----------------

16:21:21 INFO  : Disconnected from the channel tcfchan#2.
16:22:44 INFO  : 'targets -set -filter {jtag_cable_name =~ "Digilent Zybo 210279574420A" && level==0} -index 1' command is executed.
16:22:44 INFO  : 'fpga -state' command is executed.
16:22:44 INFO  : Connected to target on host '127.0.0.1' and port '3121'.
16:22:44 INFO  : Jtag cable 'Digilent Zybo 210279574420A' is selected.
16:22:44 INFO  : 'jtag frequency' command is executed.
16:22:44 INFO  : Sourcing of 'C:/Users/kirst/Documents/HWSF/Casio/zynq_interrupts/zynq_interrupts.sdk/Zynq_interrupt_system_wrapper_hw_platform_0/ps7_init.tcl' is done.
16:22:44 INFO  : Context for 'APU' is selected.
16:22:44 INFO  : Hardware design information is loaded from 'C:/Users/kirst/Documents/HWSF/Casio/zynq_interrupts/zynq_interrupts.sdk/Zynq_interrupt_system_wrapper_hw_platform_0/system.hdf'.
16:22:44 INFO  : 'configparams force-mem-access 1' command is executed.
16:22:44 INFO  : Context for 'APU' is selected.
16:22:44 INFO  : 'stop' command is executed.
16:22:45 INFO  : 'ps7_init' command is executed.
16:22:45 INFO  : 'ps7_post_config' command is executed.
16:22:45 INFO  : Context for processor 'ps7_cortexa9_0' is selected.
16:22:45 INFO  : Processor reset is completed for 'ps7_cortexa9_0'.
16:22:45 INFO  : Context for processor 'ps7_cortexa9_0' is selected.
16:22:45 INFO  : The application 'C:/Users/kirst/Documents/HWSF/Casio/zynq_interrupts/zynq_interrupts.sdk/casio_projekt/Debug/casio_projekt.elf' is downloaded to processor 'ps7_cortexa9_0'.
16:22:45 INFO  : 'configparams force-mem-access 0' command is executed.
16:22:45 INFO  : ----------------XSDB Script----------------
connect -url tcp:127.0.0.1:3121
source C:/Users/kirst/Documents/HWSF/Casio/zynq_interrupts/zynq_interrupts.sdk/Zynq_interrupt_system_wrapper_hw_platform_0/ps7_init.tcl
targets -set -nocase -filter {name =~"APU*" && jtag_cable_name =~ "Digilent Zybo 210279574420A"} -index 0
loadhw -hw C:/Users/kirst/Documents/HWSF/Casio/zynq_interrupts/zynq_interrupts.sdk/Zynq_interrupt_system_wrapper_hw_platform_0/system.hdf -mem-ranges [list {0x40000000 0xbfffffff}]
configparams force-mem-access 1
targets -set -nocase -filter {name =~"APU*" && jtag_cable_name =~ "Digilent Zybo 210279574420A"} -index 0
stop
ps7_init
ps7_post_config
targets -set -nocase -filter {name =~ "ARM*#0" && jtag_cable_name =~ "Digilent Zybo 210279574420A"} -index 0
rst -processor
targets -set -nocase -filter {name =~ "ARM*#0" && jtag_cable_name =~ "Digilent Zybo 210279574420A"} -index 0
dow C:/Users/kirst/Documents/HWSF/Casio/zynq_interrupts/zynq_interrupts.sdk/casio_projekt/Debug/casio_projekt.elf
configparams force-mem-access 0
----------------End of Script----------------

16:22:45 INFO  : Context for processor 'ps7_cortexa9_0' is selected.
16:22:45 INFO  : 'con' command is executed.
16:22:45 INFO  : ----------------XSDB Script (After Launch)----------------
targets -set -nocase -filter {name =~ "ARM*#0" && jtag_cable_name =~ "Digilent Zybo 210279574420A"} -index 0
con
----------------End of Script----------------

16:22:45 INFO  : Disconnected from the channel tcfchan#3.
17:18:48 INFO  : Registering command handlers for SDK TCF services
17:18:49 INFO  : Launching XSCT server: xsct.bat -interactive C:\Users\Frede\Documents\Uni\HDSW\Casio_hw-sw\zynq_interrupts.xpr\zynq_interrupts\zynq_interrupts.sdk\temp_xsdb_launch_script.tcl
17:18:52 INFO  : XSCT server has started successfully.
17:18:56 INFO  : Successfully done setting XSCT server connection channel  
17:18:56 INFO  : Successfully done setting SDK workspace  
17:18:56 INFO  : Processing command line option -hwspec C:/Users/Frede/Documents/Uni/HDSW/Casio_hw-sw/zynq_interrupts.xpr/zynq_interrupts/zynq_interrupts.sdk/Zynq_interrupt_system_wrapper.hdf.
17:22:39 INFO  : Connected to target on host '127.0.0.1' and port '3121'.
17:22:40 INFO  : 'targets -set -filter {jtag_cable_name =~ "Digilent Zybo 210279574420A" && level==0} -index 1' command is executed.
17:22:41 INFO  : FPGA configured successfully with bitstream "C:/Users/Frede/Documents/Uni/HDSW/Casio_hw-sw/zynq_interrupts.xpr/zynq_interrupts/zynq_interrupts.sdk/Zynq_interrupt_system_wrapper_hw_platform_0/Zynq_interrupt_system_wrapper.bit"
21:27:39 INFO  : Connected to target on host '127.0.0.1' and port '3121'.
21:27:39 INFO  : 'targets -set -filter {jtag_cable_name =~ "Digilent Zybo 210279574420A" && level==0} -index 1' command is executed.
21:27:41 INFO  : FPGA configured successfully with bitstream "C:/Users/Frede/Documents/Uni/HDSW/Casio_hw-sw/zynq_interrupts.xpr/zynq_interrupts/zynq_interrupts.sdk/Zynq_interrupt_system_wrapper_hw_platform_0/Zynq_interrupt_system_wrapper.bit"
21:28:01 INFO  : 'targets -set -filter {jtag_cable_name =~ "Digilent Zybo 210279574420A" && level==0} -index 1' command is executed.
21:28:01 INFO  : 'fpga -state' command is executed.
21:28:01 INFO  : Connected to target on host '127.0.0.1' and port '3121'.
21:28:01 INFO  : Jtag cable 'Digilent Zybo 210279574420A' is selected.
21:28:01 INFO  : 'jtag frequency' command is executed.
21:28:02 INFO  : Sourcing of 'C:/Users/Frede/Documents/Uni/HDSW/Casio_hw-sw/zynq_interrupts.xpr/zynq_interrupts/zynq_interrupts.sdk/Zynq_interrupt_system_wrapper_hw_platform_0/ps7_init.tcl' is done.
21:28:02 INFO  : Context for 'APU' is selected.
21:28:02 INFO  : Hardware design information is loaded from 'C:/Users/Frede/Documents/Uni/HDSW/Casio_hw-sw/zynq_interrupts.xpr/zynq_interrupts/zynq_interrupts.sdk/Zynq_interrupt_system_wrapper_hw_platform_0/system.hdf'.
21:28:02 INFO  : 'configparams force-mem-access 1' command is executed.
21:28:02 INFO  : Context for 'APU' is selected.
21:28:02 INFO  : 'stop' command is executed.
21:28:02 INFO  : 'ps7_init' command is executed.
21:28:02 INFO  : 'ps7_post_config' command is executed.
21:28:02 INFO  : Context for processor 'ps7_cortexa9_0' is selected.
21:28:02 INFO  : Processor reset is completed for 'ps7_cortexa9_0'.
21:28:02 INFO  : Context for processor 'ps7_cortexa9_0' is selected.
21:28:02 INFO  : The application 'C:/Users/Frede/Documents/Uni/HDSW/Casio_hw-sw/zynq_interrupts.xpr/zynq_interrupts/zynq_interrupts.sdk/casio_projekt/Debug/casio_projekt.elf' is downloaded to processor 'ps7_cortexa9_0'.
21:28:02 INFO  : 'configparams force-mem-access 0' command is executed.
21:28:02 INFO  : ----------------XSDB Script----------------
connect -url tcp:127.0.0.1:3121
source C:/Users/Frede/Documents/Uni/HDSW/Casio_hw-sw/zynq_interrupts.xpr/zynq_interrupts/zynq_interrupts.sdk/Zynq_interrupt_system_wrapper_hw_platform_0/ps7_init.tcl
targets -set -nocase -filter {name =~"APU*" && jtag_cable_name =~ "Digilent Zybo 210279574420A"} -index 0
loadhw -hw C:/Users/Frede/Documents/Uni/HDSW/Casio_hw-sw/zynq_interrupts.xpr/zynq_interrupts/zynq_interrupts.sdk/Zynq_interrupt_system_wrapper_hw_platform_0/system.hdf -mem-ranges [list {0x40000000 0xbfffffff}]
configparams force-mem-access 1
targets -set -nocase -filter {name =~"APU*" && jtag_cable_name =~ "Digilent Zybo 210279574420A"} -index 0
stop
ps7_init
ps7_post_config
targets -set -nocase -filter {name =~ "ARM*#0" && jtag_cable_name =~ "Digilent Zybo 210279574420A"} -index 0
rst -processor
targets -set -nocase -filter {name =~ "ARM*#0" && jtag_cable_name =~ "Digilent Zybo 210279574420A"} -index 0
dow C:/Users/Frede/Documents/Uni/HDSW/Casio_hw-sw/zynq_interrupts.xpr/zynq_interrupts/zynq_interrupts.sdk/casio_projekt/Debug/casio_projekt.elf
configparams force-mem-access 0
----------------End of Script----------------

21:28:02 INFO  : Context for processor 'ps7_cortexa9_0' is selected.
21:28:02 INFO  : 'con' command is executed.
21:28:02 INFO  : ----------------XSDB Script (After Launch)----------------
targets -set -nocase -filter {name =~ "ARM*#0" && jtag_cable_name =~ "Digilent Zybo 210279574420A"} -index 0
con
----------------End of Script----------------

21:28:02 INFO  : Disconnected from the channel tcfchan#1.
21:28:44 INFO  : 'targets -set -filter {jtag_cable_name =~ "Digilent Zybo 210279574420A" && level==0} -index 1' command is executed.
21:28:44 INFO  : 'fpga -state' command is executed.
21:28:44 INFO  : Connected to target on host '127.0.0.1' and port '3121'.
21:28:45 INFO  : Jtag cable 'Digilent Zybo 210279574420A' is selected.
21:28:45 INFO  : 'jtag frequency' command is executed.
21:28:45 INFO  : Sourcing of 'C:/Users/Frede/Documents/Uni/HDSW/Casio_hw-sw/zynq_interrupts.xpr/zynq_interrupts/zynq_interrupts.sdk/Zynq_interrupt_system_wrapper_hw_platform_0/ps7_init.tcl' is done.
21:28:45 INFO  : Context for 'APU' is selected.
21:28:45 INFO  : Hardware design information is loaded from 'C:/Users/Frede/Documents/Uni/HDSW/Casio_hw-sw/zynq_interrupts.xpr/zynq_interrupts/zynq_interrupts.sdk/Zynq_interrupt_system_wrapper_hw_platform_0/system.hdf'.
21:28:45 INFO  : 'configparams force-mem-access 1' command is executed.
21:28:45 INFO  : Context for 'APU' is selected.
21:28:45 INFO  : 'stop' command is executed.
21:28:45 INFO  : 'ps7_init' command is executed.
21:28:45 INFO  : 'ps7_post_config' command is executed.
21:28:45 INFO  : Context for processor 'ps7_cortexa9_0' is selected.
21:28:45 INFO  : Processor reset is completed for 'ps7_cortexa9_0'.
21:28:45 INFO  : Context for processor 'ps7_cortexa9_0' is selected.
21:28:45 INFO  : The application 'C:/Users/Frede/Documents/Uni/HDSW/Casio_hw-sw/zynq_interrupts.xpr/zynq_interrupts/zynq_interrupts.sdk/casio_projekt/Debug/casio_projekt.elf' is downloaded to processor 'ps7_cortexa9_0'.
21:28:45 INFO  : 'configparams force-mem-access 0' command is executed.
21:28:45 INFO  : ----------------XSDB Script----------------
connect -url tcp:127.0.0.1:3121
source C:/Users/Frede/Documents/Uni/HDSW/Casio_hw-sw/zynq_interrupts.xpr/zynq_interrupts/zynq_interrupts.sdk/Zynq_interrupt_system_wrapper_hw_platform_0/ps7_init.tcl
targets -set -nocase -filter {name =~"APU*" && jtag_cable_name =~ "Digilent Zybo 210279574420A"} -index 0
loadhw -hw C:/Users/Frede/Documents/Uni/HDSW/Casio_hw-sw/zynq_interrupts.xpr/zynq_interrupts/zynq_interrupts.sdk/Zynq_interrupt_system_wrapper_hw_platform_0/system.hdf -mem-ranges [list {0x40000000 0xbfffffff}]
configparams force-mem-access 1
targets -set -nocase -filter {name =~"APU*" && jtag_cable_name =~ "Digilent Zybo 210279574420A"} -index 0
stop
ps7_init
ps7_post_config
targets -set -nocase -filter {name =~ "ARM*#0" && jtag_cable_name =~ "Digilent Zybo 210279574420A"} -index 0
rst -processor
targets -set -nocase -filter {name =~ "ARM*#0" && jtag_cable_name =~ "Digilent Zybo 210279574420A"} -index 0
dow C:/Users/Frede/Documents/Uni/HDSW/Casio_hw-sw/zynq_interrupts.xpr/zynq_interrupts/zynq_interrupts.sdk/casio_projekt/Debug/casio_projekt.elf
configparams force-mem-access 0
----------------End of Script----------------

21:28:45 INFO  : Context for processor 'ps7_cortexa9_0' is selected.
21:28:45 INFO  : 'con' command is executed.
21:28:45 INFO  : ----------------XSDB Script (After Launch)----------------
targets -set -nocase -filter {name =~ "ARM*#0" && jtag_cable_name =~ "Digilent Zybo 210279574420A"} -index 0
con
----------------End of Script----------------

21:28:45 INFO  : Disconnected from the channel tcfchan#2.
21:41:29 INFO  : Connected to target on host '127.0.0.1' and port '3121'.
21:41:29 INFO  : 'targets -set -filter {jtag_cable_name =~ "Digilent Zybo 210279574420A" && level==0} -index 1' command is executed.
21:41:30 INFO  : FPGA configured successfully with bitstream "C:/Users/Frede/Documents/Uni/HDSW/Casio_hw-sw/zynq_interrupts.xpr/zynq_interrupts/zynq_interrupts.sdk/Zynq_interrupt_system_wrapper_hw_platform_0/Zynq_interrupt_system_wrapper.bit"
21:41:38 INFO  : 'targets -set -filter {jtag_cable_name =~ "Digilent Zybo 210279574420A" && level==0} -index 1' command is executed.
21:41:38 INFO  : 'fpga -state' command is executed.
21:41:38 INFO  : Connected to target on host '127.0.0.1' and port '3121'.
21:41:38 INFO  : Jtag cable 'Digilent Zybo 210279574420A' is selected.
21:41:38 INFO  : 'jtag frequency' command is executed.
21:41:38 INFO  : Sourcing of 'C:/Users/Frede/Documents/Uni/HDSW/Casio_hw-sw/zynq_interrupts.xpr/zynq_interrupts/zynq_interrupts.sdk/Zynq_interrupt_system_wrapper_hw_platform_0/ps7_init.tcl' is done.
21:41:38 INFO  : Context for 'APU' is selected.
21:41:38 INFO  : Hardware design information is loaded from 'C:/Users/Frede/Documents/Uni/HDSW/Casio_hw-sw/zynq_interrupts.xpr/zynq_interrupts/zynq_interrupts.sdk/Zynq_interrupt_system_wrapper_hw_platform_0/system.hdf'.
21:41:38 INFO  : 'configparams force-mem-access 1' command is executed.
21:41:38 INFO  : Context for 'APU' is selected.
21:41:38 INFO  : 'stop' command is executed.
21:41:39 INFO  : 'ps7_init' command is executed.
21:41:39 INFO  : 'ps7_post_config' command is executed.
21:41:39 INFO  : Context for processor 'ps7_cortexa9_0' is selected.
21:41:39 INFO  : Processor reset is completed for 'ps7_cortexa9_0'.
21:41:39 INFO  : Context for processor 'ps7_cortexa9_0' is selected.
21:41:39 INFO  : The application 'C:/Users/Frede/Documents/Uni/HDSW/Casio_hw-sw/zynq_interrupts.xpr/zynq_interrupts/zynq_interrupts.sdk/casio_projekt/Debug/casio_projekt.elf' is downloaded to processor 'ps7_cortexa9_0'.
21:41:39 INFO  : 'configparams force-mem-access 0' command is executed.
21:41:39 INFO  : ----------------XSDB Script----------------
connect -url tcp:127.0.0.1:3121
source C:/Users/Frede/Documents/Uni/HDSW/Casio_hw-sw/zynq_interrupts.xpr/zynq_interrupts/zynq_interrupts.sdk/Zynq_interrupt_system_wrapper_hw_platform_0/ps7_init.tcl
targets -set -nocase -filter {name =~"APU*" && jtag_cable_name =~ "Digilent Zybo 210279574420A"} -index 0
loadhw -hw C:/Users/Frede/Documents/Uni/HDSW/Casio_hw-sw/zynq_interrupts.xpr/zynq_interrupts/zynq_interrupts.sdk/Zynq_interrupt_system_wrapper_hw_platform_0/system.hdf -mem-ranges [list {0x40000000 0xbfffffff}]
configparams force-mem-access 1
targets -set -nocase -filter {name =~"APU*" && jtag_cable_name =~ "Digilent Zybo 210279574420A"} -index 0
stop
ps7_init
ps7_post_config
targets -set -nocase -filter {name =~ "ARM*#0" && jtag_cable_name =~ "Digilent Zybo 210279574420A"} -index 0
rst -processor
targets -set -nocase -filter {name =~ "ARM*#0" && jtag_cable_name =~ "Digilent Zybo 210279574420A"} -index 0
dow C:/Users/Frede/Documents/Uni/HDSW/Casio_hw-sw/zynq_interrupts.xpr/zynq_interrupts/zynq_interrupts.sdk/casio_projekt/Debug/casio_projekt.elf
configparams force-mem-access 0
----------------End of Script----------------

21:41:39 INFO  : Context for processor 'ps7_cortexa9_0' is selected.
21:41:39 INFO  : 'con' command is executed.
21:41:39 INFO  : ----------------XSDB Script (After Launch)----------------
targets -set -nocase -filter {name =~ "ARM*#0" && jtag_cable_name =~ "Digilent Zybo 210279574420A"} -index 0
con
----------------End of Script----------------

21:41:39 INFO  : Disconnected from the channel tcfchan#3.
21:42:18 INFO  : Connected to target on host '127.0.0.1' and port '3121'.
21:42:18 INFO  : 'targets -set -filter {jtag_cable_name =~ "Digilent Zybo 210279574420A" && level==0} -index 1' command is executed.
21:42:19 INFO  : FPGA configured successfully with bitstream "C:/Users/Frede/Documents/Uni/HDSW/Casio_hw-sw/zynq_interrupts.xpr/zynq_interrupts/zynq_interrupts.sdk/Zynq_interrupt_system_wrapper_hw_platform_0/Zynq_interrupt_system_wrapper.bit"
21:42:27 INFO  : 'targets -set -filter {jtag_cable_name =~ "Digilent Zybo 210279574420A" && level==0} -index 1' command is executed.
21:42:27 INFO  : 'fpga -state' command is executed.
21:42:27 INFO  : Connected to target on host '127.0.0.1' and port '3121'.
21:42:27 INFO  : Jtag cable 'Digilent Zybo 210279574420A' is selected.
21:42:27 INFO  : 'jtag frequency' command is executed.
21:42:27 INFO  : Sourcing of 'C:/Users/Frede/Documents/Uni/HDSW/Casio_hw-sw/zynq_interrupts.xpr/zynq_interrupts/zynq_interrupts.sdk/Zynq_interrupt_system_wrapper_hw_platform_0/ps7_init.tcl' is done.
21:42:27 INFO  : Context for 'APU' is selected.
21:42:27 INFO  : Hardware design information is loaded from 'C:/Users/Frede/Documents/Uni/HDSW/Casio_hw-sw/zynq_interrupts.xpr/zynq_interrupts/zynq_interrupts.sdk/Zynq_interrupt_system_wrapper_hw_platform_0/system.hdf'.
21:42:27 INFO  : 'configparams force-mem-access 1' command is executed.
21:42:27 INFO  : Context for 'APU' is selected.
21:42:27 INFO  : 'stop' command is executed.
21:42:28 INFO  : 'ps7_init' command is executed.
21:42:28 INFO  : 'ps7_post_config' command is executed.
21:42:28 INFO  : Context for processor 'ps7_cortexa9_0' is selected.
21:42:28 INFO  : Processor reset is completed for 'ps7_cortexa9_0'.
21:42:28 INFO  : Context for processor 'ps7_cortexa9_0' is selected.
21:42:28 INFO  : The application 'C:/Users/Frede/Documents/Uni/HDSW/Casio_hw-sw/zynq_interrupts.xpr/zynq_interrupts/zynq_interrupts.sdk/casio_projekt/Debug/casio_projekt.elf' is downloaded to processor 'ps7_cortexa9_0'.
21:42:28 INFO  : 'configparams force-mem-access 0' command is executed.
21:42:28 INFO  : ----------------XSDB Script----------------
connect -url tcp:127.0.0.1:3121
source C:/Users/Frede/Documents/Uni/HDSW/Casio_hw-sw/zynq_interrupts.xpr/zynq_interrupts/zynq_interrupts.sdk/Zynq_interrupt_system_wrapper_hw_platform_0/ps7_init.tcl
targets -set -nocase -filter {name =~"APU*" && jtag_cable_name =~ "Digilent Zybo 210279574420A"} -index 0
loadhw -hw C:/Users/Frede/Documents/Uni/HDSW/Casio_hw-sw/zynq_interrupts.xpr/zynq_interrupts/zynq_interrupts.sdk/Zynq_interrupt_system_wrapper_hw_platform_0/system.hdf -mem-ranges [list {0x40000000 0xbfffffff}]
configparams force-mem-access 1
targets -set -nocase -filter {name =~"APU*" && jtag_cable_name =~ "Digilent Zybo 210279574420A"} -index 0
stop
ps7_init
ps7_post_config
targets -set -nocase -filter {name =~ "ARM*#0" && jtag_cable_name =~ "Digilent Zybo 210279574420A"} -index 0
rst -processor
targets -set -nocase -filter {name =~ "ARM*#0" && jtag_cable_name =~ "Digilent Zybo 210279574420A"} -index 0
dow C:/Users/Frede/Documents/Uni/HDSW/Casio_hw-sw/zynq_interrupts.xpr/zynq_interrupts/zynq_interrupts.sdk/casio_projekt/Debug/casio_projekt.elf
configparams force-mem-access 0
----------------End of Script----------------

21:42:28 INFO  : Context for processor 'ps7_cortexa9_0' is selected.
21:42:28 INFO  : 'con' command is executed.
21:42:28 INFO  : ----------------XSDB Script (After Launch)----------------
targets -set -nocase -filter {name =~ "ARM*#0" && jtag_cable_name =~ "Digilent Zybo 210279574420A"} -index 0
con
----------------End of Script----------------

21:42:28 INFO  : Disconnected from the channel tcfchan#4.
21:43:58 INFO  : 'targets -set -filter {jtag_cable_name =~ "Digilent Zybo 210279574420A" && level==0} -index 1' command is executed.
21:43:58 INFO  : 'fpga -state' command is executed.
21:43:58 INFO  : Connected to target on host '127.0.0.1' and port '3121'.
21:43:58 INFO  : Jtag cable 'Digilent Zybo 210279574420A' is selected.
21:43:58 INFO  : 'jtag frequency' command is executed.
21:43:58 INFO  : Sourcing of 'C:/Users/Frede/Documents/Uni/HDSW/Casio_hw-sw/zynq_interrupts.xpr/zynq_interrupts/zynq_interrupts.sdk/Zynq_interrupt_system_wrapper_hw_platform_0/ps7_init.tcl' is done.
21:43:58 INFO  : Context for 'APU' is selected.
21:43:58 INFO  : Hardware design information is loaded from 'C:/Users/Frede/Documents/Uni/HDSW/Casio_hw-sw/zynq_interrupts.xpr/zynq_interrupts/zynq_interrupts.sdk/Zynq_interrupt_system_wrapper_hw_platform_0/system.hdf'.
21:43:58 INFO  : 'configparams force-mem-access 1' command is executed.
21:43:58 INFO  : Context for 'APU' is selected.
21:43:58 INFO  : 'stop' command is executed.
21:43:58 INFO  : 'ps7_init' command is executed.
21:43:58 INFO  : 'ps7_post_config' command is executed.
21:43:58 INFO  : Context for processor 'ps7_cortexa9_0' is selected.
21:43:58 INFO  : Processor reset is completed for 'ps7_cortexa9_0'.
21:43:58 INFO  : Context for processor 'ps7_cortexa9_0' is selected.
21:43:59 INFO  : The application 'C:/Users/Frede/Documents/Uni/HDSW/Casio_hw-sw/zynq_interrupts.xpr/zynq_interrupts/zynq_interrupts.sdk/casio_projekt/Debug/casio_projekt.elf' is downloaded to processor 'ps7_cortexa9_0'.
21:43:59 INFO  : 'configparams force-mem-access 0' command is executed.
21:43:59 INFO  : ----------------XSDB Script----------------
connect -url tcp:127.0.0.1:3121
source C:/Users/Frede/Documents/Uni/HDSW/Casio_hw-sw/zynq_interrupts.xpr/zynq_interrupts/zynq_interrupts.sdk/Zynq_interrupt_system_wrapper_hw_platform_0/ps7_init.tcl
targets -set -nocase -filter {name =~"APU*" && jtag_cable_name =~ "Digilent Zybo 210279574420A"} -index 0
loadhw -hw C:/Users/Frede/Documents/Uni/HDSW/Casio_hw-sw/zynq_interrupts.xpr/zynq_interrupts/zynq_interrupts.sdk/Zynq_interrupt_system_wrapper_hw_platform_0/system.hdf -mem-ranges [list {0x40000000 0xbfffffff}]
configparams force-mem-access 1
targets -set -nocase -filter {name =~"APU*" && jtag_cable_name =~ "Digilent Zybo 210279574420A"} -index 0
stop
ps7_init
ps7_post_config
targets -set -nocase -filter {name =~ "ARM*#0" && jtag_cable_name =~ "Digilent Zybo 210279574420A"} -index 0
rst -processor
targets -set -nocase -filter {name =~ "ARM*#0" && jtag_cable_name =~ "Digilent Zybo 210279574420A"} -index 0
dow C:/Users/Frede/Documents/Uni/HDSW/Casio_hw-sw/zynq_interrupts.xpr/zynq_interrupts/zynq_interrupts.sdk/casio_projekt/Debug/casio_projekt.elf
configparams force-mem-access 0
----------------End of Script----------------

21:43:59 INFO  : Context for processor 'ps7_cortexa9_0' is selected.
21:43:59 INFO  : 'con' command is executed.
21:43:59 INFO  : ----------------XSDB Script (After Launch)----------------
targets -set -nocase -filter {name =~ "ARM*#0" && jtag_cable_name =~ "Digilent Zybo 210279574420A"} -index 0
con
----------------End of Script----------------

21:43:59 INFO  : Disconnected from the channel tcfchan#5.
21:44:56 INFO  : Connected to target on host '127.0.0.1' and port '3121'.
21:44:56 INFO  : 'targets -set -filter {jtag_cable_name =~ "Digilent Zybo 210279574420A" && level==0} -index 1' command is executed.
21:44:57 INFO  : FPGA configured successfully with bitstream "C:/Users/Frede/Documents/Uni/HDSW/Casio_hw-sw/zynq_interrupts.xpr/zynq_interrupts/zynq_interrupts.sdk/Zynq_interrupt_system_wrapper_hw_platform_0/Zynq_interrupt_system_wrapper.bit"
21:45:05 INFO  : 'targets -set -filter {jtag_cable_name =~ "Digilent Zybo 210279574420A" && level==0} -index 1' command is executed.
21:45:05 INFO  : 'fpga -state' command is executed.
21:45:05 INFO  : Connected to target on host '127.0.0.1' and port '3121'.
21:45:06 INFO  : Jtag cable 'Digilent Zybo 210279574420A' is selected.
21:45:06 INFO  : 'jtag frequency' command is executed.
21:45:06 INFO  : Sourcing of 'C:/Users/Frede/Documents/Uni/HDSW/Casio_hw-sw/zynq_interrupts.xpr/zynq_interrupts/zynq_interrupts.sdk/Zynq_interrupt_system_wrapper_hw_platform_0/ps7_init.tcl' is done.
21:45:06 INFO  : Context for 'APU' is selected.
21:45:06 INFO  : Hardware design information is loaded from 'C:/Users/Frede/Documents/Uni/HDSW/Casio_hw-sw/zynq_interrupts.xpr/zynq_interrupts/zynq_interrupts.sdk/Zynq_interrupt_system_wrapper_hw_platform_0/system.hdf'.
21:45:06 INFO  : 'configparams force-mem-access 1' command is executed.
21:45:06 INFO  : Context for 'APU' is selected.
21:45:06 INFO  : 'stop' command is executed.
21:45:06 INFO  : 'ps7_init' command is executed.
21:45:06 INFO  : 'ps7_post_config' command is executed.
21:45:06 INFO  : Context for processor 'ps7_cortexa9_0' is selected.
21:45:06 INFO  : Processor reset is completed for 'ps7_cortexa9_0'.
21:45:06 INFO  : Context for processor 'ps7_cortexa9_0' is selected.
21:45:06 INFO  : The application 'C:/Users/Frede/Documents/Uni/HDSW/Casio_hw-sw/zynq_interrupts.xpr/zynq_interrupts/zynq_interrupts.sdk/casio_projekt/Debug/casio_projekt.elf' is downloaded to processor 'ps7_cortexa9_0'.
21:45:06 INFO  : 'configparams force-mem-access 0' command is executed.
21:45:06 INFO  : ----------------XSDB Script----------------
connect -url tcp:127.0.0.1:3121
source C:/Users/Frede/Documents/Uni/HDSW/Casio_hw-sw/zynq_interrupts.xpr/zynq_interrupts/zynq_interrupts.sdk/Zynq_interrupt_system_wrapper_hw_platform_0/ps7_init.tcl
targets -set -nocase -filter {name =~"APU*" && jtag_cable_name =~ "Digilent Zybo 210279574420A"} -index 0
loadhw -hw C:/Users/Frede/Documents/Uni/HDSW/Casio_hw-sw/zynq_interrupts.xpr/zynq_interrupts/zynq_interrupts.sdk/Zynq_interrupt_system_wrapper_hw_platform_0/system.hdf -mem-ranges [list {0x40000000 0xbfffffff}]
configparams force-mem-access 1
targets -set -nocase -filter {name =~"APU*" && jtag_cable_name =~ "Digilent Zybo 210279574420A"} -index 0
stop
ps7_init
ps7_post_config
targets -set -nocase -filter {name =~ "ARM*#0" && jtag_cable_name =~ "Digilent Zybo 210279574420A"} -index 0
rst -processor
targets -set -nocase -filter {name =~ "ARM*#0" && jtag_cable_name =~ "Digilent Zybo 210279574420A"} -index 0
dow C:/Users/Frede/Documents/Uni/HDSW/Casio_hw-sw/zynq_interrupts.xpr/zynq_interrupts/zynq_interrupts.sdk/casio_projekt/Debug/casio_projekt.elf
configparams force-mem-access 0
----------------End of Script----------------

21:45:06 INFO  : Context for processor 'ps7_cortexa9_0' is selected.
21:45:06 INFO  : 'con' command is executed.
21:45:06 INFO  : ----------------XSDB Script (After Launch)----------------
targets -set -nocase -filter {name =~ "ARM*#0" && jtag_cable_name =~ "Digilent Zybo 210279574420A"} -index 0
con
----------------End of Script----------------

21:45:06 INFO  : Disconnected from the channel tcfchan#6.
21:45:36 INFO  : 'targets -set -filter {jtag_cable_name =~ "Digilent Zybo 210279574420A" && level==0} -index 1' command is executed.
21:45:36 INFO  : 'fpga -state' command is executed.
21:45:36 INFO  : Connected to target on host '127.0.0.1' and port '3121'.
21:45:36 INFO  : Jtag cable 'Digilent Zybo 210279574420A' is selected.
21:45:36 INFO  : 'jtag frequency' command is executed.
21:45:36 INFO  : Sourcing of 'C:/Users/Frede/Documents/Uni/HDSW/Casio_hw-sw/zynq_interrupts.xpr/zynq_interrupts/zynq_interrupts.sdk/Zynq_interrupt_system_wrapper_hw_platform_0/ps7_init.tcl' is done.
21:45:36 INFO  : Context for 'APU' is selected.
21:45:36 INFO  : Hardware design information is loaded from 'C:/Users/Frede/Documents/Uni/HDSW/Casio_hw-sw/zynq_interrupts.xpr/zynq_interrupts/zynq_interrupts.sdk/Zynq_interrupt_system_wrapper_hw_platform_0/system.hdf'.
21:45:36 INFO  : 'configparams force-mem-access 1' command is executed.
21:45:36 INFO  : Context for 'APU' is selected.
21:45:36 INFO  : 'stop' command is executed.
21:45:37 INFO  : 'ps7_init' command is executed.
21:45:37 INFO  : 'ps7_post_config' command is executed.
21:45:37 INFO  : Context for processor 'ps7_cortexa9_0' is selected.
21:45:37 INFO  : Processor reset is completed for 'ps7_cortexa9_0'.
21:45:37 INFO  : Context for processor 'ps7_cortexa9_0' is selected.
21:45:37 INFO  : The application 'C:/Users/Frede/Documents/Uni/HDSW/Casio_hw-sw/zynq_interrupts.xpr/zynq_interrupts/zynq_interrupts.sdk/casio_projekt/Debug/casio_projekt.elf' is downloaded to processor 'ps7_cortexa9_0'.
21:45:37 INFO  : 'configparams force-mem-access 0' command is executed.
21:45:37 INFO  : ----------------XSDB Script----------------
connect -url tcp:127.0.0.1:3121
source C:/Users/Frede/Documents/Uni/HDSW/Casio_hw-sw/zynq_interrupts.xpr/zynq_interrupts/zynq_interrupts.sdk/Zynq_interrupt_system_wrapper_hw_platform_0/ps7_init.tcl
targets -set -nocase -filter {name =~"APU*" && jtag_cable_name =~ "Digilent Zybo 210279574420A"} -index 0
loadhw -hw C:/Users/Frede/Documents/Uni/HDSW/Casio_hw-sw/zynq_interrupts.xpr/zynq_interrupts/zynq_interrupts.sdk/Zynq_interrupt_system_wrapper_hw_platform_0/system.hdf -mem-ranges [list {0x40000000 0xbfffffff}]
configparams force-mem-access 1
targets -set -nocase -filter {name =~"APU*" && jtag_cable_name =~ "Digilent Zybo 210279574420A"} -index 0
stop
ps7_init
ps7_post_config
targets -set -nocase -filter {name =~ "ARM*#0" && jtag_cable_name =~ "Digilent Zybo 210279574420A"} -index 0
rst -processor
targets -set -nocase -filter {name =~ "ARM*#0" && jtag_cable_name =~ "Digilent Zybo 210279574420A"} -index 0
dow C:/Users/Frede/Documents/Uni/HDSW/Casio_hw-sw/zynq_interrupts.xpr/zynq_interrupts/zynq_interrupts.sdk/casio_projekt/Debug/casio_projekt.elf
configparams force-mem-access 0
----------------End of Script----------------

21:45:37 INFO  : Context for processor 'ps7_cortexa9_0' is selected.
21:45:37 INFO  : 'con' command is executed.
21:45:37 INFO  : ----------------XSDB Script (After Launch)----------------
targets -set -nocase -filter {name =~ "ARM*#0" && jtag_cable_name =~ "Digilent Zybo 210279574420A"} -index 0
con
----------------End of Script----------------

21:45:37 INFO  : Disconnected from the channel tcfchan#7.
21:47:42 INFO  : 'targets -set -filter {jtag_cable_name =~ "Digilent Zybo 210279574420A" && level==0} -index 1' command is executed.
21:47:42 INFO  : 'fpga -state' command is executed.
21:47:42 INFO  : Connected to target on host '127.0.0.1' and port '3121'.
21:47:42 INFO  : Jtag cable 'Digilent Zybo 210279574420A' is selected.
21:47:42 INFO  : 'jtag frequency' command is executed.
21:47:42 INFO  : Sourcing of 'C:/Users/Frede/Documents/Uni/HDSW/Casio_hw-sw/zynq_interrupts.xpr/zynq_interrupts/zynq_interrupts.sdk/Zynq_interrupt_system_wrapper_hw_platform_0/ps7_init.tcl' is done.
21:47:42 INFO  : Context for 'APU' is selected.
21:47:42 INFO  : Hardware design information is loaded from 'C:/Users/Frede/Documents/Uni/HDSW/Casio_hw-sw/zynq_interrupts.xpr/zynq_interrupts/zynq_interrupts.sdk/Zynq_interrupt_system_wrapper_hw_platform_0/system.hdf'.
21:47:42 INFO  : 'configparams force-mem-access 1' command is executed.
21:47:42 INFO  : Context for 'APU' is selected.
21:47:42 INFO  : 'stop' command is executed.
21:47:42 INFO  : 'ps7_init' command is executed.
21:47:42 INFO  : 'ps7_post_config' command is executed.
21:47:42 INFO  : Context for processor 'ps7_cortexa9_0' is selected.
21:47:43 INFO  : Processor reset is completed for 'ps7_cortexa9_0'.
21:47:43 INFO  : Context for processor 'ps7_cortexa9_0' is selected.
21:47:43 INFO  : The application 'C:/Users/Frede/Documents/Uni/HDSW/Casio_hw-sw/zynq_interrupts.xpr/zynq_interrupts/zynq_interrupts.sdk/casio_projekt/Debug/casio_projekt.elf' is downloaded to processor 'ps7_cortexa9_0'.
21:47:43 INFO  : 'configparams force-mem-access 0' command is executed.
21:47:43 INFO  : ----------------XSDB Script----------------
connect -url tcp:127.0.0.1:3121
source C:/Users/Frede/Documents/Uni/HDSW/Casio_hw-sw/zynq_interrupts.xpr/zynq_interrupts/zynq_interrupts.sdk/Zynq_interrupt_system_wrapper_hw_platform_0/ps7_init.tcl
targets -set -nocase -filter {name =~"APU*" && jtag_cable_name =~ "Digilent Zybo 210279574420A"} -index 0
loadhw -hw C:/Users/Frede/Documents/Uni/HDSW/Casio_hw-sw/zynq_interrupts.xpr/zynq_interrupts/zynq_interrupts.sdk/Zynq_interrupt_system_wrapper_hw_platform_0/system.hdf -mem-ranges [list {0x40000000 0xbfffffff}]
configparams force-mem-access 1
targets -set -nocase -filter {name =~"APU*" && jtag_cable_name =~ "Digilent Zybo 210279574420A"} -index 0
stop
ps7_init
ps7_post_config
targets -set -nocase -filter {name =~ "ARM*#0" && jtag_cable_name =~ "Digilent Zybo 210279574420A"} -index 0
rst -processor
targets -set -nocase -filter {name =~ "ARM*#0" && jtag_cable_name =~ "Digilent Zybo 210279574420A"} -index 0
dow C:/Users/Frede/Documents/Uni/HDSW/Casio_hw-sw/zynq_interrupts.xpr/zynq_interrupts/zynq_interrupts.sdk/casio_projekt/Debug/casio_projekt.elf
configparams force-mem-access 0
----------------End of Script----------------

21:47:43 INFO  : Context for processor 'ps7_cortexa9_0' is selected.
21:47:43 INFO  : 'con' command is executed.
21:47:43 INFO  : ----------------XSDB Script (After Launch)----------------
targets -set -nocase -filter {name =~ "ARM*#0" && jtag_cable_name =~ "Digilent Zybo 210279574420A"} -index 0
con
----------------End of Script----------------

21:47:43 INFO  : Disconnected from the channel tcfchan#8.
21:54:43 INFO  : 'targets -set -filter {jtag_cable_name =~ "Digilent Zybo 210279574420A" && level==0} -index 1' command is executed.
21:54:43 INFO  : 'fpga -state' command is executed.
21:54:43 INFO  : Connected to target on host '127.0.0.1' and port '3121'.
21:54:43 INFO  : Jtag cable 'Digilent Zybo 210279574420A' is selected.
21:54:43 INFO  : 'jtag frequency' command is executed.
21:54:43 INFO  : Sourcing of 'C:/Users/Frede/Documents/Uni/HDSW/Casio_hw-sw/zynq_interrupts.xpr/zynq_interrupts/zynq_interrupts.sdk/Zynq_interrupt_system_wrapper_hw_platform_0/ps7_init.tcl' is done.
21:54:43 INFO  : Context for 'APU' is selected.
21:54:43 INFO  : Hardware design information is loaded from 'C:/Users/Frede/Documents/Uni/HDSW/Casio_hw-sw/zynq_interrupts.xpr/zynq_interrupts/zynq_interrupts.sdk/Zynq_interrupt_system_wrapper_hw_platform_0/system.hdf'.
21:54:43 INFO  : 'configparams force-mem-access 1' command is executed.
21:54:43 INFO  : Context for 'APU' is selected.
21:54:43 INFO  : 'stop' command is executed.
21:54:43 INFO  : 'ps7_init' command is executed.
21:54:43 INFO  : 'ps7_post_config' command is executed.
21:54:43 INFO  : Context for processor 'ps7_cortexa9_0' is selected.
21:54:43 INFO  : Processor reset is completed for 'ps7_cortexa9_0'.
21:54:43 INFO  : Context for processor 'ps7_cortexa9_0' is selected.
21:54:43 INFO  : The application 'C:/Users/Frede/Documents/Uni/HDSW/Casio_hw-sw/zynq_interrupts.xpr/zynq_interrupts/zynq_interrupts.sdk/casio_projekt/Debug/casio_projekt.elf' is downloaded to processor 'ps7_cortexa9_0'.
21:54:43 INFO  : 'configparams force-mem-access 0' command is executed.
21:54:43 INFO  : ----------------XSDB Script----------------
connect -url tcp:127.0.0.1:3121
source C:/Users/Frede/Documents/Uni/HDSW/Casio_hw-sw/zynq_interrupts.xpr/zynq_interrupts/zynq_interrupts.sdk/Zynq_interrupt_system_wrapper_hw_platform_0/ps7_init.tcl
targets -set -nocase -filter {name =~"APU*" && jtag_cable_name =~ "Digilent Zybo 210279574420A"} -index 0
loadhw -hw C:/Users/Frede/Documents/Uni/HDSW/Casio_hw-sw/zynq_interrupts.xpr/zynq_interrupts/zynq_interrupts.sdk/Zynq_interrupt_system_wrapper_hw_platform_0/system.hdf -mem-ranges [list {0x40000000 0xbfffffff}]
configparams force-mem-access 1
targets -set -nocase -filter {name =~"APU*" && jtag_cable_name =~ "Digilent Zybo 210279574420A"} -index 0
stop
ps7_init
ps7_post_config
targets -set -nocase -filter {name =~ "ARM*#0" && jtag_cable_name =~ "Digilent Zybo 210279574420A"} -index 0
rst -processor
targets -set -nocase -filter {name =~ "ARM*#0" && jtag_cable_name =~ "Digilent Zybo 210279574420A"} -index 0
dow C:/Users/Frede/Documents/Uni/HDSW/Casio_hw-sw/zynq_interrupts.xpr/zynq_interrupts/zynq_interrupts.sdk/casio_projekt/Debug/casio_projekt.elf
configparams force-mem-access 0
----------------End of Script----------------

21:54:44 INFO  : Context for processor 'ps7_cortexa9_0' is selected.
21:54:44 INFO  : 'con' command is executed.
21:54:44 INFO  : ----------------XSDB Script (After Launch)----------------
targets -set -nocase -filter {name =~ "ARM*#0" && jtag_cable_name =~ "Digilent Zybo 210279574420A"} -index 0
con
----------------End of Script----------------

21:54:44 INFO  : Disconnected from the channel tcfchan#9.
22:02:46 INFO  : 'targets -set -filter {jtag_cable_name =~ "Digilent Zybo 210279574420A" && level==0} -index 1' command is executed.
22:02:46 INFO  : 'fpga -state' command is executed.
22:02:46 INFO  : Connected to target on host '127.0.0.1' and port '3121'.
22:02:46 INFO  : Jtag cable 'Digilent Zybo 210279574420A' is selected.
22:02:46 INFO  : 'jtag frequency' command is executed.
22:02:46 INFO  : Sourcing of 'C:/Users/Frede/Documents/Uni/HDSW/Casio_hw-sw/zynq_interrupts.xpr/zynq_interrupts/zynq_interrupts.sdk/Zynq_interrupt_system_wrapper_hw_platform_0/ps7_init.tcl' is done.
22:02:46 INFO  : Context for 'APU' is selected.
22:02:46 INFO  : Hardware design information is loaded from 'C:/Users/Frede/Documents/Uni/HDSW/Casio_hw-sw/zynq_interrupts.xpr/zynq_interrupts/zynq_interrupts.sdk/Zynq_interrupt_system_wrapper_hw_platform_0/system.hdf'.
22:02:46 INFO  : 'configparams force-mem-access 1' command is executed.
22:02:46 INFO  : Context for 'APU' is selected.
22:02:46 INFO  : 'stop' command is executed.
22:02:46 INFO  : 'ps7_init' command is executed.
22:02:46 INFO  : 'ps7_post_config' command is executed.
22:02:46 INFO  : Context for processor 'ps7_cortexa9_0' is selected.
22:02:46 INFO  : Processor reset is completed for 'ps7_cortexa9_0'.
22:02:47 INFO  : Context for processor 'ps7_cortexa9_0' is selected.
22:02:47 INFO  : The application 'C:/Users/Frede/Documents/Uni/HDSW/Casio_hw-sw/zynq_interrupts.xpr/zynq_interrupts/zynq_interrupts.sdk/casio_projekt/Debug/casio_projekt.elf' is downloaded to processor 'ps7_cortexa9_0'.
22:02:47 INFO  : 'configparams force-mem-access 0' command is executed.
22:02:47 INFO  : ----------------XSDB Script----------------
connect -url tcp:127.0.0.1:3121
source C:/Users/Frede/Documents/Uni/HDSW/Casio_hw-sw/zynq_interrupts.xpr/zynq_interrupts/zynq_interrupts.sdk/Zynq_interrupt_system_wrapper_hw_platform_0/ps7_init.tcl
targets -set -nocase -filter {name =~"APU*" && jtag_cable_name =~ "Digilent Zybo 210279574420A"} -index 0
loadhw -hw C:/Users/Frede/Documents/Uni/HDSW/Casio_hw-sw/zynq_interrupts.xpr/zynq_interrupts/zynq_interrupts.sdk/Zynq_interrupt_system_wrapper_hw_platform_0/system.hdf -mem-ranges [list {0x40000000 0xbfffffff}]
configparams force-mem-access 1
targets -set -nocase -filter {name =~"APU*" && jtag_cable_name =~ "Digilent Zybo 210279574420A"} -index 0
stop
ps7_init
ps7_post_config
targets -set -nocase -filter {name =~ "ARM*#0" && jtag_cable_name =~ "Digilent Zybo 210279574420A"} -index 0
rst -processor
targets -set -nocase -filter {name =~ "ARM*#0" && jtag_cable_name =~ "Digilent Zybo 210279574420A"} -index 0
dow C:/Users/Frede/Documents/Uni/HDSW/Casio_hw-sw/zynq_interrupts.xpr/zynq_interrupts/zynq_interrupts.sdk/casio_projekt/Debug/casio_projekt.elf
configparams force-mem-access 0
----------------End of Script----------------

22:02:47 INFO  : Context for processor 'ps7_cortexa9_0' is selected.
22:02:47 INFO  : 'con' command is executed.
22:02:47 INFO  : ----------------XSDB Script (After Launch)----------------
targets -set -nocase -filter {name =~ "ARM*#0" && jtag_cable_name =~ "Digilent Zybo 210279574420A"} -index 0
con
----------------End of Script----------------

22:02:47 INFO  : Disconnected from the channel tcfchan#10.
22:04:27 INFO  : 'targets -set -filter {jtag_cable_name =~ "Digilent Zybo 210279574420A" && level==0} -index 1' command is executed.
22:04:27 INFO  : 'fpga -state' command is executed.
22:04:27 INFO  : Connected to target on host '127.0.0.1' and port '3121'.
22:04:27 INFO  : Jtag cable 'Digilent Zybo 210279574420A' is selected.
22:04:27 INFO  : 'jtag frequency' command is executed.
22:04:27 INFO  : Sourcing of 'C:/Users/Frede/Documents/Uni/HDSW/Casio_hw-sw/zynq_interrupts.xpr/zynq_interrupts/zynq_interrupts.sdk/Zynq_interrupt_system_wrapper_hw_platform_0/ps7_init.tcl' is done.
22:04:27 INFO  : Context for 'APU' is selected.
22:04:27 INFO  : Hardware design information is loaded from 'C:/Users/Frede/Documents/Uni/HDSW/Casio_hw-sw/zynq_interrupts.xpr/zynq_interrupts/zynq_interrupts.sdk/Zynq_interrupt_system_wrapper_hw_platform_0/system.hdf'.
22:04:27 INFO  : 'configparams force-mem-access 1' command is executed.
22:04:27 INFO  : Context for 'APU' is selected.
22:04:27 INFO  : 'stop' command is executed.
22:04:28 INFO  : 'ps7_init' command is executed.
22:04:28 INFO  : 'ps7_post_config' command is executed.
22:04:28 INFO  : Context for processor 'ps7_cortexa9_0' is selected.
22:04:28 INFO  : Processor reset is completed for 'ps7_cortexa9_0'.
22:04:28 INFO  : Context for processor 'ps7_cortexa9_0' is selected.
22:04:28 INFO  : The application 'C:/Users/Frede/Documents/Uni/HDSW/Casio_hw-sw/zynq_interrupts.xpr/zynq_interrupts/zynq_interrupts.sdk/casio_projekt/Debug/casio_projekt.elf' is downloaded to processor 'ps7_cortexa9_0'.
22:04:28 INFO  : 'configparams force-mem-access 0' command is executed.
22:04:28 INFO  : ----------------XSDB Script----------------
connect -url tcp:127.0.0.1:3121
source C:/Users/Frede/Documents/Uni/HDSW/Casio_hw-sw/zynq_interrupts.xpr/zynq_interrupts/zynq_interrupts.sdk/Zynq_interrupt_system_wrapper_hw_platform_0/ps7_init.tcl
targets -set -nocase -filter {name =~"APU*" && jtag_cable_name =~ "Digilent Zybo 210279574420A"} -index 0
loadhw -hw C:/Users/Frede/Documents/Uni/HDSW/Casio_hw-sw/zynq_interrupts.xpr/zynq_interrupts/zynq_interrupts.sdk/Zynq_interrupt_system_wrapper_hw_platform_0/system.hdf -mem-ranges [list {0x40000000 0xbfffffff}]
configparams force-mem-access 1
targets -set -nocase -filter {name =~"APU*" && jtag_cable_name =~ "Digilent Zybo 210279574420A"} -index 0
stop
ps7_init
ps7_post_config
targets -set -nocase -filter {name =~ "ARM*#0" && jtag_cable_name =~ "Digilent Zybo 210279574420A"} -index 0
rst -processor
targets -set -nocase -filter {name =~ "ARM*#0" && jtag_cable_name =~ "Digilent Zybo 210279574420A"} -index 0
dow C:/Users/Frede/Documents/Uni/HDSW/Casio_hw-sw/zynq_interrupts.xpr/zynq_interrupts/zynq_interrupts.sdk/casio_projekt/Debug/casio_projekt.elf
configparams force-mem-access 0
----------------End of Script----------------

22:04:28 INFO  : Context for processor 'ps7_cortexa9_0' is selected.
22:04:28 INFO  : 'con' command is executed.
22:04:28 INFO  : ----------------XSDB Script (After Launch)----------------
targets -set -nocase -filter {name =~ "ARM*#0" && jtag_cable_name =~ "Digilent Zybo 210279574420A"} -index 0
con
----------------End of Script----------------

22:04:28 INFO  : Disconnected from the channel tcfchan#11.
22:04:43 INFO  : Connected to target on host '127.0.0.1' and port '3121'.
22:04:43 INFO  : 'targets -set -filter {jtag_cable_name =~ "Digilent Zybo 210279574420A" && level==0} -index 1' command is executed.
22:04:44 INFO  : FPGA configured successfully with bitstream "C:/Users/Frede/Documents/Uni/HDSW/Casio_hw-sw/zynq_interrupts.xpr/zynq_interrupts/zynq_interrupts.sdk/Zynq_interrupt_system_wrapper_hw_platform_0/Zynq_interrupt_system_wrapper.bit"
22:04:49 INFO  : 'targets -set -filter {jtag_cable_name =~ "Digilent Zybo 210279574420A" && level==0} -index 1' command is executed.
22:04:49 INFO  : 'fpga -state' command is executed.
22:04:49 INFO  : Connected to target on host '127.0.0.1' and port '3121'.
22:04:49 INFO  : Jtag cable 'Digilent Zybo 210279574420A' is selected.
22:04:49 INFO  : 'jtag frequency' command is executed.
22:04:49 INFO  : Sourcing of 'C:/Users/Frede/Documents/Uni/HDSW/Casio_hw-sw/zynq_interrupts.xpr/zynq_interrupts/zynq_interrupts.sdk/Zynq_interrupt_system_wrapper_hw_platform_0/ps7_init.tcl' is done.
22:04:49 INFO  : Context for 'APU' is selected.
22:04:49 INFO  : Hardware design information is loaded from 'C:/Users/Frede/Documents/Uni/HDSW/Casio_hw-sw/zynq_interrupts.xpr/zynq_interrupts/zynq_interrupts.sdk/Zynq_interrupt_system_wrapper_hw_platform_0/system.hdf'.
22:04:49 INFO  : 'configparams force-mem-access 1' command is executed.
22:04:49 INFO  : Context for 'APU' is selected.
22:04:49 INFO  : 'stop' command is executed.
22:04:50 INFO  : 'ps7_init' command is executed.
22:04:50 INFO  : 'ps7_post_config' command is executed.
22:04:50 INFO  : Context for processor 'ps7_cortexa9_0' is selected.
22:04:50 INFO  : Processor reset is completed for 'ps7_cortexa9_0'.
22:04:50 INFO  : Context for processor 'ps7_cortexa9_0' is selected.
22:04:50 INFO  : The application 'C:/Users/Frede/Documents/Uni/HDSW/Casio_hw-sw/zynq_interrupts.xpr/zynq_interrupts/zynq_interrupts.sdk/casio_projekt/Debug/casio_projekt.elf' is downloaded to processor 'ps7_cortexa9_0'.
22:04:50 INFO  : 'configparams force-mem-access 0' command is executed.
22:04:50 INFO  : ----------------XSDB Script----------------
connect -url tcp:127.0.0.1:3121
source C:/Users/Frede/Documents/Uni/HDSW/Casio_hw-sw/zynq_interrupts.xpr/zynq_interrupts/zynq_interrupts.sdk/Zynq_interrupt_system_wrapper_hw_platform_0/ps7_init.tcl
targets -set -nocase -filter {name =~"APU*" && jtag_cable_name =~ "Digilent Zybo 210279574420A"} -index 0
loadhw -hw C:/Users/Frede/Documents/Uni/HDSW/Casio_hw-sw/zynq_interrupts.xpr/zynq_interrupts/zynq_interrupts.sdk/Zynq_interrupt_system_wrapper_hw_platform_0/system.hdf -mem-ranges [list {0x40000000 0xbfffffff}]
configparams force-mem-access 1
targets -set -nocase -filter {name =~"APU*" && jtag_cable_name =~ "Digilent Zybo 210279574420A"} -index 0
stop
ps7_init
ps7_post_config
targets -set -nocase -filter {name =~ "ARM*#0" && jtag_cable_name =~ "Digilent Zybo 210279574420A"} -index 0
rst -processor
targets -set -nocase -filter {name =~ "ARM*#0" && jtag_cable_name =~ "Digilent Zybo 210279574420A"} -index 0
dow C:/Users/Frede/Documents/Uni/HDSW/Casio_hw-sw/zynq_interrupts.xpr/zynq_interrupts/zynq_interrupts.sdk/casio_projekt/Debug/casio_projekt.elf
configparams force-mem-access 0
----------------End of Script----------------

22:04:50 INFO  : Context for processor 'ps7_cortexa9_0' is selected.
22:04:50 INFO  : 'con' command is executed.
22:04:50 INFO  : ----------------XSDB Script (After Launch)----------------
targets -set -nocase -filter {name =~ "ARM*#0" && jtag_cable_name =~ "Digilent Zybo 210279574420A"} -index 0
con
----------------End of Script----------------

22:04:50 INFO  : Disconnected from the channel tcfchan#12.
22:05:23 INFO  : 'targets -set -filter {jtag_cable_name =~ "Digilent Zybo 210279574420A" && level==0} -index 1' command is executed.
22:05:23 INFO  : 'fpga -state' command is executed.
22:05:23 INFO  : Connected to target on host '127.0.0.1' and port '3121'.
22:05:23 INFO  : Jtag cable 'Digilent Zybo 210279574420A' is selected.
22:05:23 INFO  : 'jtag frequency' command is executed.
22:05:23 INFO  : Sourcing of 'C:/Users/Frede/Documents/Uni/HDSW/Casio_hw-sw/zynq_interrupts.xpr/zynq_interrupts/zynq_interrupts.sdk/Zynq_interrupt_system_wrapper_hw_platform_0/ps7_init.tcl' is done.
22:05:23 INFO  : Context for 'APU' is selected.
22:05:23 INFO  : Hardware design information is loaded from 'C:/Users/Frede/Documents/Uni/HDSW/Casio_hw-sw/zynq_interrupts.xpr/zynq_interrupts/zynq_interrupts.sdk/Zynq_interrupt_system_wrapper_hw_platform_0/system.hdf'.
22:05:23 INFO  : 'configparams force-mem-access 1' command is executed.
22:05:23 INFO  : Context for 'APU' is selected.
22:05:23 INFO  : 'stop' command is executed.
22:05:24 INFO  : 'ps7_init' command is executed.
22:05:24 INFO  : 'ps7_post_config' command is executed.
22:05:24 INFO  : Context for processor 'ps7_cortexa9_0' is selected.
22:05:24 INFO  : Processor reset is completed for 'ps7_cortexa9_0'.
22:05:24 INFO  : Context for processor 'ps7_cortexa9_0' is selected.
22:05:24 INFO  : The application 'C:/Users/Frede/Documents/Uni/HDSW/Casio_hw-sw/zynq_interrupts.xpr/zynq_interrupts/zynq_interrupts.sdk/casio_projekt/Debug/casio_projekt.elf' is downloaded to processor 'ps7_cortexa9_0'.
22:05:24 INFO  : 'configparams force-mem-access 0' command is executed.
22:05:24 INFO  : ----------------XSDB Script----------------
connect -url tcp:127.0.0.1:3121
source C:/Users/Frede/Documents/Uni/HDSW/Casio_hw-sw/zynq_interrupts.xpr/zynq_interrupts/zynq_interrupts.sdk/Zynq_interrupt_system_wrapper_hw_platform_0/ps7_init.tcl
targets -set -nocase -filter {name =~"APU*" && jtag_cable_name =~ "Digilent Zybo 210279574420A"} -index 0
loadhw -hw C:/Users/Frede/Documents/Uni/HDSW/Casio_hw-sw/zynq_interrupts.xpr/zynq_interrupts/zynq_interrupts.sdk/Zynq_interrupt_system_wrapper_hw_platform_0/system.hdf -mem-ranges [list {0x40000000 0xbfffffff}]
configparams force-mem-access 1
targets -set -nocase -filter {name =~"APU*" && jtag_cable_name =~ "Digilent Zybo 210279574420A"} -index 0
stop
ps7_init
ps7_post_config
targets -set -nocase -filter {name =~ "ARM*#0" && jtag_cable_name =~ "Digilent Zybo 210279574420A"} -index 0
rst -processor
targets -set -nocase -filter {name =~ "ARM*#0" && jtag_cable_name =~ "Digilent Zybo 210279574420A"} -index 0
dow C:/Users/Frede/Documents/Uni/HDSW/Casio_hw-sw/zynq_interrupts.xpr/zynq_interrupts/zynq_interrupts.sdk/casio_projekt/Debug/casio_projekt.elf
configparams force-mem-access 0
----------------End of Script----------------

22:05:24 INFO  : Context for processor 'ps7_cortexa9_0' is selected.
22:05:24 INFO  : 'con' command is executed.
22:05:24 INFO  : ----------------XSDB Script (After Launch)----------------
targets -set -nocase -filter {name =~ "ARM*#0" && jtag_cable_name =~ "Digilent Zybo 210279574420A"} -index 0
con
----------------End of Script----------------

22:05:24 INFO  : Disconnected from the channel tcfchan#13.
